[    0.000000] Linux version 4.15.0-47-generic (buildd@lgw01-amd64-001) (gcc version 7.3.0 (Ubuntu 7.3.0-16ubuntu3)) #50-Ubuntu SMP Wed Mar 13 10:44:52 UTC 2019 (Ubuntu 4.15.0-47.50-generic 4.15.18)
[    0.000000] Command line: BOOT_IMAGE=/boot/vmlinuz-4.15.0-47-generic root=LABEL=cloudimg-rootfs ro console=tty1 console=ttyS0
[    0.000000] KERNEL supported cpus:
[    0.000000]   Intel GenuineIntel
[    0.000000]   AMD AuthenticAMD
[    0.000000]   Centaur CentaurHauls
[    0.000000] x86/fpu: Supporting XSAVE feature 0x001: 'x87 floating point registers'
[    0.000000] x86/fpu: Supporting XSAVE feature 0x002: 'SSE registers'
[    0.000000] x86/fpu: Supporting XSAVE feature 0x004: 'AVX registers'
[    0.000000] x86/fpu: xstate_offset[2]:  576, xstate_sizes[2]:  256
[    0.000000] x86/fpu: Enabled xstate features 0x7, context size is 832 bytes, using 'standard' format.
[    0.000000] e820: BIOS-provided physical RAM map:
[    0.000000] BIOS-e820: [mem 0x0000000000000000-0x000000000009fbff] usable
[    0.000000] BIOS-e820: [mem 0x000000000009fc00-0x000000000009ffff] reserved
[    0.000000] BIOS-e820: [mem 0x00000000000f0000-0x00000000000fffff] reserved
[    0.000000] BIOS-e820: [mem 0x0000000000100000-0x000000003ffeffff] usable
[    0.000000] BIOS-e820: [mem 0x000000003fff0000-0x000000003fffffff] ACPI data
[    0.000000] BIOS-e820: [mem 0x00000000fec00000-0x00000000fec00fff] reserved
[    0.000000] BIOS-e820: [mem 0x00000000fee00000-0x00000000fee00fff] reserved
[    0.000000] BIOS-e820: [mem 0x00000000fffc0000-0x00000000ffffffff] reserved
[    0.000000] NX (Execute Disable) protection: active
[    0.000000] SMBIOS 2.5 present.
[    0.000000] DMI: innotek GmbH VirtualBox/VirtualBox, BIOS VirtualBox 12/01/2006
[    0.000000] Hypervisor detected: KVM
[    0.000000] e820: last_pfn = 0x3fff0 max_arch_pfn = 0x400000000
[    0.000000] MTRR: Disabled
[    0.000000] x86/PAT: MTRRs disabled, skipping PAT initialization too.
[    0.000000] CPU MTRRs all blank - virtualized system.
[    0.000000] x86/PAT: Configuration [0-7]: WB  WT  UC- UC  WB  WT  UC- UC  
[    0.000000] found SMP MP-table at [mem 0x0009fff0-0x0009ffff] mapped at [        (ptrval)]
[    0.000000] Scanning 1 areas for low memory corruption
[    0.000000] RAMDISK: [mem 0x35adf000-0x36d66fff]
[    0.000000] ACPI: Early table checksum verification disabled
[    0.000000] ACPI: RSDP 0x00000000000E0000 000024 (v02 VBOX  )
[    0.000000] ACPI: XSDT 0x000000003FFF0030 00003C (v01 VBOX   VBOXXSDT 00000001 ASL  00000061)
[    0.000000] ACPI: FACP 0x000000003FFF00F0 0000F4 (v04 VBOX   VBOXFACP 00000001 ASL  00000061)
[    0.000000] ACPI: DSDT 0x000000003FFF0470 0022EA (v02 VBOX   VBOXBIOS 00000002 INTL 20100528)
[    0.000000] ACPI: FACS 0x000000003FFF0200 000040
[    0.000000] ACPI: FACS 0x000000003FFF0200 000040
[    0.000000] ACPI: APIC 0x000000003FFF0240 00005C (v02 VBOX   VBOXAPIC 00000001 ASL  00000061)
[    0.000000] ACPI: SSDT 0x000000003FFF02A0 0001CC (v01 VBOX   VBOXCPUT 00000002 INTL 20100528)
[    0.000000] No NUMA configuration found
[    0.000000] Faking a node at [mem 0x0000000000000000-0x000000003ffeffff]
[    0.000000] NODE_DATA(0) allocated [mem 0x3ffc5000-0x3ffeffff]
[    0.000000] kvm-clock: cpu 0, msr 0:3ff44001, primary cpu clock
[    0.000000] kvm-clock: Using msrs 4b564d01 and 4b564d00
[    0.000000] kvm-clock: using sched offset of 5791588093 cycles
[    0.000000] clocksource: kvm-clock: mask: 0xffffffffffffffff max_cycles: 0x1cd42e4dffb, max_idle_ns: 881590591483 ns
[    0.000000] Zone ranges:
[    0.000000]   DMA      [mem 0x0000000000001000-0x0000000000ffffff]
[    0.000000]   DMA32    [mem 0x0000000001000000-0x000000003ffeffff]
[    0.000000]   Normal   empty
[    0.000000]   Device   empty
[    0.000000] Movable zone start for each node
[    0.000000] Early memory node ranges
[    0.000000]   node   0: [mem 0x0000000000001000-0x000000000009efff]
[    0.000000]   node   0: [mem 0x0000000000100000-0x000000003ffeffff]
[    0.000000] Reserved but unavailable: 114 pages
[    0.000000] Initmem setup node 0 [mem 0x0000000000001000-0x000000003ffeffff]
[    0.000000] ACPI: PM-Timer IO Port: 0x4008
[    0.000000] IOAPIC[0]: apic_id 2, version 32, address 0xfec00000, GSI 0-23
[    0.000000] ACPI: INT_SRC_OVR (bus 0 bus_irq 0 global_irq 2 dfl dfl)
[    0.000000] ACPI: INT_SRC_OVR (bus 0 bus_irq 9 global_irq 9 low level)
[    0.000000] Using ACPI (MADT) for SMP configuration information
[    0.000000] smpboot: Allowing 2 CPUs, 0 hotplug CPUs
[    0.000000] PM: Registered nosave memory: [mem 0x00000000-0x00000fff]
[    0.000000] PM: Registered nosave memory: [mem 0x0009f000-0x0009ffff]
[    0.000000] PM: Registered nosave memory: [mem 0x000a0000-0x000effff]
[    0.000000] PM: Registered nosave memory: [mem 0x000f0000-0x000fffff]
[    0.000000] e820: [mem 0x40000000-0xfebfffff] available for PCI devices
[    0.000000] Booting paravirtualized kernel on KVM
[    0.000000] clocksource: refined-jiffies: mask: 0xffffffff max_cycles: 0xffffffff, max_idle_ns: 7645519600211568 ns
[    0.000000] random: get_random_bytes called from start_kernel+0x99/0x4fd with crng_init=0
[    0.000000] setup_percpu: NR_CPUS:8192 nr_cpumask_bits:2 nr_cpu_ids:2 nr_node_ids:1
[    0.000000] percpu: Embedded 46 pages/cpu @        (ptrval) s151552 r8192 d28672 u1048576
[    0.000000] PV qspinlock hash table entries: 256 (order: 0, 4096 bytes)
[    0.000000] Built 1 zonelists, mobility grouping on.  Total pages: 257913
[    0.000000] Policy zone: DMA32
[    0.000000] Kernel command line: BOOT_IMAGE=/boot/vmlinuz-4.15.0-47-generic root=LABEL=cloudimg-rootfs ro console=tty1 console=ttyS0
[    0.000000] Memory: 983608K/1048120K available (12300K kernel code, 2473K rwdata, 4252K rodata, 2408K init, 2416K bss, 64512K reserved, 0K cma-reserved)
[    0.000000] SLUB: HWalign=64, Order=0-3, MinObjects=0, CPUs=2, Nodes=1
[    0.000000] Kernel/User page tables isolation: enabled
[    0.000000] ftrace: allocating 39206 entries in 154 pages
[    0.004000] Hierarchical RCU implementation.
[    0.004000] 	RCU restricting CPUs from NR_CPUS=8192 to nr_cpu_ids=2.
[    0.004000] 	Tasks RCU enabled.
[    0.004000] RCU: Adjusting geometry for rcu_fanout_leaf=16, nr_cpu_ids=2
[    0.004000] NR_IRQS: 524544, nr_irqs: 440, preallocated irqs: 16
[    0.004000] Console: colour VGA+ 80x25
[    0.004000] console [tty1] enabled
[    0.004000] console [ttyS0] enabled
[    0.004000] ACPI: Core revision 20170831
[    0.004000] ACPI: 2 ACPI AML tables successfully acquired and loaded
[    0.004000] APIC: Switch to symmetric I/O mode setup
[    0.004000] x2apic enabled
[    0.004000] Switched APIC routing to physical x2apic.
[    0.005584] ..TIMER: vector=0x30 apic1=0 pin1=2 apic2=-1 pin2=-1
[    0.008006] tsc: Detected 1296.000 MHz processor
[    0.009375] Calibrating delay loop (skipped) preset value.. 2592.00 BogoMIPS (lpj=5184000)
[    0.012003] pid_max: default: 32768 minimum: 301
[    0.014174] Security Framework initialized
[    0.016008] Yama: becoming mindful.
[    0.017474] AppArmor: AppArmor initialized
[    0.020049] Dentry cache hash table entries: 131072 (order: 8, 1048576 bytes)
[    0.024077] Inode-cache hash table entries: 65536 (order: 7, 524288 bytes)
[    0.028024] Mount-cache hash table entries: 2048 (order: 2, 16384 bytes)
[    0.030140] Mountpoint-cache hash table entries: 2048 (order: 2, 16384 bytes)
[    0.032238] mce: CPU supports 0 MCE banks
[    0.033944] Last level iTLB entries: 4KB 64, 2MB 8, 4MB 8
[    0.036004] Last level dTLB entries: 4KB 64, 2MB 0, 4MB 0, 1GB 4
[    0.040008] Spectre V2 : Mitigation: Full generic retpoline
[    0.042429] Spectre V2 : Spectre v2 / SpectreRSB mitigation: Filling RSB on context switch
[    0.044006] Speculative Store Bypass: Vulnerable
[    0.048154] Freeing SMP alternatives memory: 36K
[    0.056000] APIC calibration not consistent with PM-Timer: 98ms instead of 100ms
[    0.056000] APIC delta adjusted to PM-Timer: 6247403 (6184468)
[    0.056090] smpboot: CPU0: Intel(R) Core(TM) i5-7Y54 CPU @ 1.20GHz (family: 0x6, model: 0x8e, stepping: 0x9)
[    0.060085] Performance Events: unsupported p6 CPU model 142 no PMU driver, software events only.
[    0.063105] Hierarchical SRCU implementation.
[    0.064670] NMI watchdog: Perf event create on CPU 0 failed with -2
[    0.068005] NMI watchdog: Perf NMI watchdog permanently disabled
[    0.069817] smp: Bringing up secondary CPUs ...
[    0.071323] x86: Booting SMP configuration:
[    0.072008] .... node  #0, CPUs:      #1
[    0.004000] kvm-clock: cpu 1, msr 0:3ff44041, secondary cpu clock
[    0.004000] mce: CPU supports 0 MCE banks
[    0.080036] smp: Brought up 1 node, 2 CPUs
[    0.082056] smpboot: Max logical packages: 1
[    0.084010] smpboot: Total of 2 processors activated (5184.00 BogoMIPS)
[    0.086109] devtmpfs: initialized
[    0.088054] x86/mm: Memory block size: 128MB
[    0.090549] evm: security.selinux
[    0.092008] evm: security.SMACK64
[    0.093451] evm: security.SMACK64EXEC
[    0.094556] evm: security.SMACK64TRANSMUTE
[    0.096006] evm: security.SMACK64MMAP
[    0.097722] evm: security.apparmor
[    0.100005] evm: security.ima
[    0.101210] evm: security.capability
[    0.102364] clocksource: jiffies: mask: 0xffffffff max_cycles: 0xffffffff, max_idle_ns: 7645041785100000 ns
[    0.104055] futex hash table entries: 512 (order: 3, 32768 bytes)
[    0.108121] pinctrl core: initialized pinctrl subsystem
[    0.112172] RTC time: 21:05:08, date: 04/08/19
[    0.116192] NET: Registered protocol family 16
[    0.117642] audit: initializing netlink subsys (disabled)
[    0.120037] audit: type=2000 audit(1554757515.522:1): state=initialized audit_enabled=0 res=1
[    0.124020] cpuidle: using governor ladder
[    0.125745] cpuidle: using governor menu
[    0.126970] ACPI: bus type PCI registered
[    0.128004] acpiphp: ACPI Hot Plug PCI Controller Driver version: 0.5
[    0.132151] PCI: Using configuration type 1 for base access
[    0.134002] HugeTLB registered 2.00 MiB page size, pre-allocated 0 pages
[    0.136165] ACPI: Added _OSI(Module Device)
[    0.140005] ACPI: Added _OSI(Processor Device)
[    0.141564] ACPI: Added _OSI(3.0 _SCP Extensions)
[    0.144003] ACPI: Added _OSI(Processor Aggregator Device)
[    0.146302] ACPI: Added _OSI(Linux-Dell-Video)
[    0.148006] ACPI: Added _OSI(Linux-Lenovo-NV-HDMI-Audio)
[    0.149712] ACPI: Added _OSI(Linux-HPI-Hybrid-Graphics)
[    0.152622] ACPI: Executed 1 blocks of module-level executable AML code
[    0.159372] ACPI: Interpreter enabled
[    0.160056] ACPI: (supports S0 S5)
[    0.161377] ACPI: Using IOAPIC for interrupt routing
[    0.164252] PCI: Using host bridge windows from ACPI; if necessary, use "pci=nocrs" and report a bug
[    0.168347] ACPI: Enabled 2 GPEs in block 00 to 07
[    0.180591] ACPI: PCI Root Bridge [PCI0] (domain 0000 [bus 00-ff])
[    0.183054] acpi PNP0A03:00: _OSC: OS supports [ASPM ClockPM Segments MSI]
[    0.184669] acpi PNP0A03:00: _OSC: not requesting OS control; OS requires [ExtendedConfig ASPM ClockPM MSI]
[    0.188027] acpi PNP0A03:00: fail to add MMCONFIG information, can't access extended PCI configuration space under this bridge.
[    0.196160] PCI host bridge to bus 0000:00
[    0.198001] pci_bus 0000:00: root bus resource [io  0x0000-0x0cf7 window]
[    0.200004] pci_bus 0000:00: root bus resource [io  0x0d00-0xffff window]
[    0.202860] pci_bus 0000:00: root bus resource [mem 0x000a0000-0x000bffff window]
[    0.204004] pci_bus 0000:00: root bus resource [mem 0x40000000-0xfdffffff window]
[    0.206256] pci_bus 0000:00: root bus resource [bus 00-ff]
[    0.213270] pci 0000:00:01.1: legacy IDE quirk: reg 0x10: [io  0x01f0-0x01f7]
[    0.216004] pci 0000:00:01.1: legacy IDE quirk: reg 0x14: [io  0x03f6]
[    0.218145] pci 0000:00:01.1: legacy IDE quirk: reg 0x18: [io  0x0170-0x0177]
[    0.220004] pci 0000:00:01.1: legacy IDE quirk: reg 0x1c: [io  0x0376]
[    0.246558] pci 0000:00:07.0: quirk: [io  0x4000-0x403f] claimed by PIIX4 ACPI
[    0.248027] pci 0000:00:07.0: quirk: [io  0x4100-0x410f] claimed by PIIX4 SMB
[    0.266755] ACPI: PCI Interrupt Link [LNKA] (IRQs 5 9 10 *11)
[    0.268480] ACPI: PCI Interrupt Link [LNKB] (IRQs 5 9 *10 11)
[    0.270970] ACPI: PCI Interrupt Link [LNKC] (IRQs 5 *9 10 11)
[    0.272194] ACPI: PCI Interrupt Link [LNKD] (IRQs 5 9 10 *11)
[    0.276440] SCSI subsystem initialized
[    0.277708] pci 0000:00:02.0: vgaarb: setting as boot VGA device
[    0.278603] pci 0000:00:02.0: vgaarb: VGA device added: decodes=io+mem,owns=io+mem,locks=none
[    0.280033] pci 0000:00:02.0: vgaarb: bridge control possible
[    0.282329] vgaarb: loaded
[    0.283288] ACPI: bus type USB registered
[    0.284026] usbcore: registered new interface driver usbfs
[    0.288036] usbcore: registered new interface driver hub
[    0.290220] usbcore: registered new device driver usb
[    0.292071] EDAC MC: Ver: 3.0.0
[    0.293509] PCI: Using ACPI for IRQ routing
[    0.296205] NetLabel: Initializing
[    0.297281] NetLabel:  domain hash size = 128
[    0.298659] NetLabel:  protocols = UNLABELED CIPSOv4 CALIPSO
[    0.300021] NetLabel:  unlabeled traffic allowed by default
[    0.301828] clocksource: Switched to clocksource kvm-clock
[    0.318338] VFS: Disk quotas dquot_6.6.0
[    0.320177] VFS: Dquot-cache hash table entries: 512 (order 0, 4096 bytes)
[    0.322247] AppArmor: AppArmor Filesystem Enabled
[    0.323674] pnp: PnP ACPI init
[    0.326729] pnp: PnP ACPI: found 3 devices
[    0.338667] clocksource: acpi_pm: mask: 0xffffff max_cycles: 0xffffff, max_idle_ns: 2085701024 ns
[    0.343251] NET: Registered protocol family 2
[    0.347616] TCP established hash table entries: 8192 (order: 4, 65536 bytes)
[    0.351005] TCP bind hash table entries: 8192 (order: 5, 131072 bytes)
[    0.353543] TCP: Hash tables configured (established 8192 bind 8192)
[    0.356167] UDP hash table entries: 512 (order: 2, 16384 bytes)
[    0.357998] UDP-Lite hash table entries: 512 (order: 2, 16384 bytes)
[    0.359863] NET: Registered protocol family 1
[    0.361312] pci 0000:00:00.0: Limiting direct PCI/PCI transfers
[    0.363142] pci 0000:00:01.0: Activating ISA DMA hang workarounds
[    0.365617] pci 0000:00:02.0: Video device with shadowed ROM at [mem 0x000c0000-0x000dffff]
[    0.369346] Unpacking initramfs...
[    0.744256] Freeing initrd memory: 18976K
[    0.749370] platform rtc_cmos: registered platform RTC device (no PNP device found)
[    0.756395] Scanning for low memory corruption every 60 seconds
[    0.761420] Initialise system trusted keyrings
[    0.764025] Key type blacklist registered
[    0.767312] workingset: timestamp_bits=36 max_order=18 bucket_order=0
[    0.772005] zbud: loaded
[    0.777156] squashfs: version 4.0 (2009/01/31) Phillip Lougher
[    0.783779] fuse init (API version 7.26)
[    0.793568] Key type asymmetric registered
[    0.796355] Asymmetric key parser 'x509' registered
[    0.798640] Block layer SCSI generic (bsg) driver version 0.4 loaded (major 246)
[    0.803778] io scheduler noop registered
[    0.806800] io scheduler deadline registered
[    0.820586] io scheduler cfq registered (default)
[    0.825229] ACPI: AC Adapter [AC] (off-line)
[    0.834033] input: Power Button as /devices/LNXSYSTM:00/LNXPWRBN:00/input/input0
[    0.840502] ACPI: Power Button [PWRF]
[    0.844216] input: Sleep Button as /devices/LNXSYSTM:00/LNXSLPBN:00/input/input1
[    0.886372] ACPI: Sleep Button [SLPF]
[    0.890454] Serial: 8250/16550 driver, 32 ports, IRQ sharing enabled
ðñòóôõö÷øùúûüýþÿ[    0.897198] ACPI: Battery Slot [BAT0] (battery present)
[    0.916236] 00:02: ttyS0 at I/O 0x3f8 (irq = 4, base_baud = 115200) is a 16550A
[    0.935198] Linux agpgart interface v0.103
[    0.947216] loop: module loaded
[    0.952047] scsi host0: ata_piix
[    0.955492] scsi host1: ata_piix
[    0.957812] ata1: PATA max UDMA/33 cmd 0x1f0 ctl 0x3f6 bmdma 0xd000 irq 14
[    0.962556] ata2: PATA max UDMA/33 cmd 0x170 ctl 0x376 bmdma 0xd008 irq 15
[    0.966845] libphy: Fixed MDIO Bus: probed
[    0.969425] tun: Universal TUN/TAP device driver, 1.6
[    0.973807] PPP generic driver version 2.4.2
[    0.977173] ehci_hcd: USB 2.0 'Enhanced' Host Controller (EHCI) Driver
[    0.980771] ehci-pci: EHCI PCI platform driver
[    0.983009] ehci-platform: EHCI generic platform driver
[    0.986228] ohci_hcd: USB 1.1 'Open' Host Controller (OHCI) Driver
[    0.989770] ohci-pci: OHCI PCI platform driver
[    0.992514] ohci-platform: OHCI generic platform driver
[    0.996015] uhci_hcd: USB Universal Host Controller Interface driver
[    1.001744] i8042: PNP: PS/2 Controller [PNP0303:PS2K,PNP0f03:PS2M] at 0x60,0x64 irq 1,12
[    1.007044] serio: i8042 KBD port at 0x60,0x64 irq 1
[    1.010835] serio: i8042 AUX port at 0x60,0x64 irq 12
[    1.014547] mousedev: PS/2 mouse device common for all mice
[    1.019754] rtc_cmos rtc_cmos: rtc core: registered rtc_cmos as rtc0
[    1.027186] rtc_cmos rtc_cmos: alarms up to one day, 114 bytes nvram
[    1.032278] i2c /dev entries driver
[    1.039426] pcie_mp2_amd: AMD(R) PCI-E MP2 Communication Driver Version: 1.0
[    1.051225] device-mapper: uevent: version 1.0.3
[    1.062253] device-mapper: ioctl: 4.37.0-ioctl (2017-09-20) initialised: dm-devel@redhat.com
[    1.076594] input: AT Translated Set 2 keyboard as /devices/platform/i8042/serio0/input/input2
[    1.086868] ledtrig-cpu: registered to indicate activity on CPUs
[    1.093271] NET: Registered protocol family 10
[    1.109218] Segment Routing with IPv6
[    1.113100] NET: Registered protocol family 17
[    1.116997] Key type dns_resolver registered
[    1.120191] RAS: Correctable Errors collector initialized.
[    1.127971] sched_clock: Marking stable (1127772572, 0)->(1562667203, -434894631)
[    1.134534] registered taskstats version 1
[    1.136795] Loading compiled-in X.509 certificates
[    1.146481] Loaded X.509 cert 'Build time autogenerated kernel key: 7211859d1298c08a101905a3cb814e8c7b4bf4a4'
[    1.154975] zswap: loaded using pool lzo/zbud
[    1.171725] Key type big_key registered
[    1.175694] Key type trusted registered
[    1.180840] Key type encrypted registered
[    1.183254] AppArmor: AppArmor sha1 policy hashing enabled
[    1.186343] ima: No TPM chip found, activating TPM-bypass! (rc=-19)
[    1.191399] ima: Allocated hash algorithm: sha1
[    1.194557] evm: HMAC attrs: 0x1
[    1.197782]   Magic number: 15:329:95
[    1.199734] rtc_cmos rtc_cmos: setting system clock to 2019-04-08 21:05:09 UTC (1554757509)
[    1.205415] BIOS EDD facility v0.16 2004-Jun-25, 0 devices found
[    1.207868] EDD information not available.
[    1.213301] Freeing unused kernel memory: 2408K
[    1.244560] Write protecting the kernel read-only data: 20480k
[    1.248058] Freeing unused kernel memory: 2008K
[    1.254568] Freeing unused kernel memory: 1892K
[    1.268878] x86/mm: Checked W+X mappings: passed, no W+X pages found.
[    1.272123] x86/mm: Checking user space page tables
[    1.280733] x86/mm: Checked W+X mappings: passed, no W+X pages found.
Loading, please wait...
starting version 237
[    1.362889] e1000: Intel(R) PRO/1000 Network Driver - version 7.3.21-k8-NAPI
[    1.366487] e1000: Copyright (c) 1999-2006 Intel Corporation.
[    1.380197] Fusion MPT base driver 3.04.20
[    1.382212] Copyright (c) 1999-2008 LSI Corporation
[    1.406232] AVX2 version of gcm_enc/dec engaged.
[    1.407778] Fusion MPT SPI Host driver 3.04.20
[    1.409249] AES CTR mode by8 optimization enabled
[    1.593715] input: ImExPS/2 Generic Explorer Mouse as /devices/platform/i8042/serio1/input/input4
[    1.764705] tsc: Refined TSC clocksource calibration: 1296.672 MHz
[    1.768347] clocksource: tsc: mask: 0xffffffffffffffff max_cycles: 0x12b0d62244c, max_idle_ns: 440795211782 ns
[    1.929702] e1000 0000:00:03.0 eth0: (PCI:33MHz:32-bit) 02:1e:30:9c:a3:c0
[    1.932698] e1000 0000:00:03.0 eth0: Intel(R) PRO/1000 Network Connection
[    1.935901] mptbase: ioc0: Initiating bringup
[    2.428749] ioc0: LSI53C1030 A0: Capabilities={Initiator}
[    2.868802] scsi host2: ioc0: LSI53C1030 A0, FwRev=00000000h, Ports=1, MaxQ=256, IRQ=20
[    3.440336] scsi 2:0:0:0: Direct-Access     VBOX     HARDDISK         1.0  PQ: 0 ANSI: 5
[    3.478549] scsi target2:0:0: Beginning Domain Validation
[    3.548796] scsi target2:0:0: Domain Validation skipping write tests
[    3.554712] scsi target2:0:0: Ending Domain Validation
[    3.567113] scsi target2:0:0: asynchronous
[    3.570257] scsi 2:0:1:0: Direct-Access     VBOX     HARDDISK         1.0  PQ: 0 ANSI: 5
[    3.932471] scsi target2:0:1: Beginning Domain Validation
[    3.937681] random: fast init done
[    3.941138] scsi target2:0:1: Domain Validation skipping write tests
[    3.944432] scsi target2:0:1: Ending Domain Validation
[    3.948384] scsi target2:0:1: asynchronous
[    3.959050] random: systemd-udevd: uninitialized urandom read (16 bytes read)
[    3.959467] sd 2:0:0:0: [sda] 20971520 512-byte logical blocks: (10.7 GB/10.0 GiB)
[    3.959573] sd 2:0:0:0: [sda] Write Protect is off
[    3.959748] sd 2:0:0:0: [sda] Incomplete mode parameter data
[    3.959750] sd 2:0:0:0: [sda] Assuming drive cache: write through
[    3.980455] random: systemd-udevd: uninitialized urandom read (16 bytes read)
[    3.983783] random: systemd-udevd: uninitialized urandom read (16 bytes read)
[    3.985827] sd 2:0:0:0: Attached scsi generic sg0 type 0
[    3.990964] sd 2:0:1:0: Attached scsi generic sg1 type 0
[    3.994507] sd 2:0:1:0: [sdb] 20480 512-byte logical blocks: (10.5 MB/10.0 MiB)
[    3.998147] sd 2:0:1:0: [sdb] Write Protect is off
[    4.001729] sd 2:0:1:0: [sdb] Incomplete mode parameter data
[    4.004104] sd 2:0:1:0: [sdb] Assuming drive cache: write through
[    4.006483]  sda: sda1
[    4.008833] sd 2:0:0:0: [sda] Attached SCSI disk
[    4.014740] sd 2:0:1:0: [sdb] Attached SCSI disk
[    4.077883] e1000 0000:00:08.0 eth1: (PCI:33MHz:32-bit) 08:00:27:1e:18:ac
[    4.082292] e1000 0000:00:08.0 eth1: Intel(R) PRO/1000 Network Connection
[    4.090355] e1000 0000:00:08.0 enp0s8: renamed from eth1
[    4.123442] e1000 0000:00:03.0 enp0s3: renamed from eth0
Begin: Loading essential drivers ... [    5.792535] raid6: sse2x1   gen()  9976 MB/s
[    5.840058] raid6: sse2x1   xor()  6678 MB/s
[    5.889064] raid6: sse2x2   gen() 12521 MB/s
[    5.936103] raid6: sse2x2   xor()  7628 MB/s
[    5.984049] raid6: sse2x4   gen() 12077 MB/s
[    6.032516] raid6: sse2x4   xor()  7658 MB/s
[    6.080324] raid6: avx2x1   gen()  9755 MB/s
[    6.128545] raid6: avx2x1   xor()  5311 MB/s
[    6.184526] raid6: avx2x2   gen() 11832 MB/s
[    6.232929] raid6: avx2x2   xor() 10817 MB/s
[    6.280232] raid6: avx2x4   gen() 18297 MB/s
[    6.328215] raid6: avx2x4   xor() 15025 MB/s
[    6.330080] raid6: using algorithm avx2x4 gen() 18297 MB/s
[    6.331672] raid6: .... xor() 15025 MB/s, rmw enabled
[    6.333200] raid6: using avx2x2 recovery algorithm
[    6.336676] xor: automatically using best checksumming function   avx       
[    6.340980] async_tx: api initialized (async)
done.
Begin: Running /scripts/init-premount ... done.
Begin: Mounting root file system ... Begin: Running /scripts/local-top ... done.
Begin: Running /scripts/local-premount ... [    6.415522] Btrfs loaded, crc32c=crc32c-intel
Scanning for Btrfs filesystems
done.
Warning: fsck not present, so skipping root file system
[    6.510826] EXT4-fs (sda1): mounted filesystem with ordered data mode. Opts: (null)
done.
Begin: Running /scripts/local-bottom ... done.
Begin: Running /scripts/init-bottom ... done.
[    6.929603] ip_tables: (C) 2000-2006 Netfilter Core Team
[    6.975396] systemd[1]: systemd 237 running in system mode. (+PAM +AUDIT +SELINUX +IMA +APPARMOR +SMACK +SYSVINIT +UTMP +LIBCRYPTSETUP +GCRYPT +GNUTLS +ACL +XZ +LZ4 +SECCOMP +BLKID +ELFUTILS +KMOD -IDN2 +IDN -PCRE2 default-hierarchy=hybrid)
[    6.982815] systemd[1]: Detected virtualization oracle.
[    6.984585] systemd[1]: Detected architecture x86-64.

Welcome to [1mUbuntu 18.04.2 LTS[0m!

[    6.993444] systemd[1]: Set hostname to <ubuntu>.
[    7.022030] systemd[1]: Initializing machine ID from random generator.
[    7.025396] systemd[1]: Installed transient /etc/machine-id file.
[    7.476211] systemd[1]: Created slice System Slice.
[[0;32m  OK  [0m] Created slice System Slice.
[    7.479114] systemd[1]: Listening on /dev/initctl Compatibility Named Pipe.
[[0;32m  OK  [0m] Listening on /dev/initctl Compatibility Named Pipe.
[    7.492756] systemd[1]: Listening on Journal Audit Socket.
[[0;32m  OK  [0m] Listening on Journal Audit Socket.
[    7.499763] systemd[1]: Listening on LVM2 poll daemon socket.
[[0;32m  OK  [0m] Listening on LVM2 poll daemon socket.
[[0;32m  OK  [0m] Started Forward Password Requests to Wall Directory Watch.
[[0;32m  OK  [0m] Listening on Journal Socket.
         Starting Uncomplicated firewall...
         Mounting Huge Pages File System...
         Mounting POSIX Message Queue File System...
[[0;32m  OK  [0m] Reached target User and Group Name Lookups.
         Mounting Kernel Debug File System...
[[0;32m  OK  [0m] Created slice User and Session Slice.
         Starting Load Kernel Modules...
         Starting Create list of required stâ€¦ce nodes for the current kernel...
[[0;32m  OK  [0m] Reached target Swap.
[[0;32m  OK  [0m] Reached target Slices.
[[0;32m  OK  [0m] Listening on Network Service Netlink Socket.
         Starting Remount Root and Kernel File Systems...
[[0;32m  OK  [0m] Set up automount Arbitrary Executabâ€¦rmats File System Automount Point.
         Starting Set the console keyboard layout...
[[0;32m  OK  [0m] Listening on Syslog Socket.
[[0;32m  OK  [0m] Listening on udev Kernel Socket.
[[0;32m  OK  [0m] Listening on udev Control Socket.
[[0;32m  OK  [0m] Listening on Journal Socket (/dev/log).
[    7.579137] Loading iSCSI transport class v2.0-870.
         Starting Journal Service...
[[0;32m  OK  [0m] Listening on Device-mapper event daemon FIFOs.
[[0;32m  OK  [0m] Listening on LVM2 metadata daemon socket.
         Starting Monitoring of LVM2 mirrorsâ€¦ng dmeventd or progress polling...
         Starting udev Coldplug all Devices...
[    7.649390] iscsi: registered transport (tcp)
[[0;32m  OK  [0m] Created slice system-serial\x2dgetty.slice.
[[0;32m  OK  [0m] Reached target System Time Synchronized.
[[0;32m  OK  [0m] Started Uncomplicated firewall.
[[0;32m  OK  [0m] Started Create list of required staâ€¦vice nodes for the current kernel.
         Starting Create Static Device Nodes in /dev...
[[0;32m  OK  [0m] Started Journal Service.
[    7.810207] iscsi: registered transport (iser)
[[0;32m  OK  [0m] Started Load Kernel Modules.
         Starting Apply Kernel Variables...
         Mounting Kernel Configuration File System...
         Mounting FUSE Control File System...
[[0;32m  OK  [0m] Started udev Coldplug all Devices.
[[0;32m  OK  [0m] Started Create Static Device Nodes in /dev.
[[0;32m  OK  [0m] Mounted Huge Pages File System.
[[0;32m  OK  [0m] Mounted POSIX Message Queue File System.
[[0;32m  OK  [0m] Mounted Kernel Debug File System.
[[0;32m  OK  [0m] Started Remount Root and Kernel File Systems.
[[0;32m  OK  [0m] Started Apply Kernel Variables.
[[0;32m  OK  [0m] Mounted Kernel Configuration File System.
[[0;32m  OK  [0m] Mounted FUSE Control File System.
[[0;32m  OK  [0m] Started LVM2 metadata daemon.
         Starting Initial cloud-init job (pre-networking)...
         Starting udev Kernel Device Manager...
         Starting Load/Save Random Seed...
         Starting Flush Journal to Persistent Storage...
[[0;32m  OK  [0m] Started Monitoring of LVM2 mirrors,â€¦sing dmeventd or progress polling.
[[0;32m  OK  [0m] Started Load/Save Random Seed.
[[0;32m  OK  [0m] Started udev Kernel Device Manager.
[[0;32m  OK  [0m] Started Flush Journal to Persistent Storage.
[[0;32m  OK  [0m] Found device /dev/ttyS0.
[[0;32m  OK  [0m] Listening on Load/Save RF Kill Switch Status /dev/rfkill Watch.
[[0;32m  OK  [0m] Started Set the console keyboard layout.
[[0;32m  OK  [0m] Started Dispatch Password Requests to Console Directory Watch.
[[0;32m  OK  [0m] Reached target Local Encrypted Volumes.
[[0;32m  OK  [0m] Reached target Local File Systems (Pre).
[[0;32m  OK  [0m] Reached target Local File Systems.
         Starting ebtables ruleset management...
         Starting AppArmor initialization...
         Starting Create Volatile Files and Directories...
         Starting Tell Plymouth To Write Out Runtime Data...
         Starting Set console font and keymap...
         Starting Commit a transient machine-id on disk...
[[0;32m  OK  [0m] Started Tell Plymouth To Write Out Runtime Data.
[[0;32m  OK  [0m] Started Create Volatile Files and Directories.
         Starting Update UTMP about System Boot/Shutdown...
[[0;32m  OK  [0m] Started Update UTMP about System Boot/Shutdown.
[[0;32m  OK  [0m] Started Commit a transient machine-id on disk.
[[0;32m  OK  [0m] Started ebtables ruleset management.
[   11.321414] cloud-init[411]: Cloud-init v. 18.5-45-g3554ffe8-0ubuntu1~18.04.1 running 'init-local' at Mon, 08 Apr 2019 21:05:18 +0000. Up 10.29 seconds.
[[0;32m  OK  [0m] Started Initial cloud-init job (pre-networking).
[[0;32m  OK  [0m] Reached target Network (Pre).
         Starting Network Service...
[[0;32m  OK  [0m] Started Network Service.
         Starting Wait for Network to be Configured...
         Starting Network Name Resolution...
[[0;32m  OK  [0m] Started Network Name Resolution.
[[0;32m  OK  [0m] Reached target Host and Network Name Lookups.
[[0;32m  OK  [0m] Reached target Network.
[[0;32m  OK  [0m] Started AppArmor initialization.
[[0;32m  OK  [0m] Started Set console font and keymap.
[[0;32m  OK  [0m] Started Wait for Network to be Configured.
         Starting Initial cloud-init job (metadata service crawler)...
[   13.942941] cloud-init[872]: Cloud-init v. 18.5-45-g3554ffe8-0ubuntu1~18.04.1 running 'init' at Mon, 08 Apr 2019 21:05:22 +0000. Up 13.77 seconds.
[   13.947384] cloud-init[872]: ci-info: ++++++++++++++++++++++++++++++++++++++Net device info+++++++++++++++++++++++++++++++++++++++
[   13.949909] cloud-init[872]: ci-info: +--------+-------+----------------------------+---------------+--------+-------------------+
[   13.953050] cloud-init[872]: ci-info: | Device |   Up  |          Address           |      Mask     | Scope  |     Hw-Address    |
[   13.956381] cloud-init[872]: ci-info: +--------+-------+----------------------------+---------------+--------+-------------------+
[   13.958791] cloud-init[872]: ci-info: | enp0s3 |  True |         10.0.2.15          | 255.255.255.0 | global | 02:1e:30:9c:a3:c0 |
[   13.961835] cloud-init[872]: ci-info: | enp0s3 |  True | fe80::1e:30ff:fe9c:a3c0/64 |       .       |  link  | 02:1e:30:9c:a3:c0 |
[   13.965436] cloud-init[872]: ci-info: | enp0s8 | False |             .              |       .       |   .    | 08:00:27:1e:18:ac |
[   13.968519] cloud-init[872]: ci-info: |   lo   |  True |         127.0.0.1          |   255.0.0.0   |  host  |         .         |
[   13.971487] cloud-init[872]: ci-info: |   lo   |  True |          ::1/128           |       .       |  host  |         .         |
[   13.974287] cloud-init[872]: ci-info: +--------+-------+----------------------------+---------------+--------+-------------------+
[   13.976979] cloud-init[872]: ci-info: ++++++++++++++++++++++++++++Route IPv4 info+++++++++++++++++++++++++++++
[   13.980190] cloud-init[872]: ci-info: +-------+-------------+----------+-----------------+-----------+-------+
[   13.992803] cloud-init[872]: ci-info: | Route | Destination | Gateway  |     Genmask     | Interface | Flags |
[   13.995097] cloud-init[872]: ci-info: +-------+-------------+----------+-----------------+-----------+-------+
[   13.998190] cloud-init[872]: ci-info: |   0   |   0.0.0.0   | 10.0.2.2 |     0.0.0.0     |   enp0s3  |   UG  |
[   14.001007] cloud-init[872]: ci-info: |   1   |   10.0.2.0  | 0.0.0.0  |  255.255.255.0  |   enp0s3  |   U   |
[   14.004708] cloud-init[872]: ci-info: |   2   |   10.0.2.2  | 0.0.0.0  | 255.255.255.255 |   enp0s3  |   UH  |
[   14.007427] cloud-init[872]: ci-info: +-------+-------------+----------+-----------------+-----------+-------+
[   14.009840] cloud-init[872]: ci-info: +++++++++++++++++++Route IPv6 info+++++++++++++++++++
[   14.011767] cloud-init[872]: ci-info: +-------+-------------+---------+-----------+-------+
[   14.014186] cloud-init[872]: ci-info: | Route | Destination | Gateway | Interface | Flags |
[   14.016073] cloud-init[872]: ci-info: +-------+-------------+---------+-----------+-------+
[   14.018439] cloud-init[872]: ci-info: |   1   |  fe80::/64  |    ::   |   enp0s3  |   U   |
[   14.020760] cloud-init[872]: ci-info: |   3   |    local    |    ::   |   enp0s3  |   U   |
[   14.022332] cloud-init[872]: ci-info: |   4   |   ff00::/8  |    ::   |   enp0s3  |   U   |
[   14.024218] cloud-init[872]: ci-info: +-------+-------------+---------+-----------+-------+
[   14.976462] cloud-init[872]: Generating public/private rsa key pair.
[   14.978768] cloud-init[872]: Your identification has been saved in /etc/ssh/ssh_host_rsa_key.
[   14.982421] cloud-init[872]: Your public key has been saved in /etc/ssh/ssh_host_rsa_key.pub.
[   14.985048] cloud-init[872]: The key fingerprint is:
[   14.987038] cloud-init[872]: SHA256:Kbxpv8iCmgUrG/BuaIYn+98DulgUZp1YOz4ab/hcPV8 root@ubuntu-bionic
[   14.990168] cloud-init[872]: The key's randomart image is:
[   14.991844] cloud-init[872]: +---[RSA 2048]----+
[   14.993449] cloud-init[872]: |    .            |
[   14.995051] cloud-init[872]: |   + o           |
[   14.996784] cloud-init[872]: |  = =            |
[   14.998563] cloud-init[872]: | o o o   .       |
[   15.000665] cloud-init[872]: |o o o o S        |
[   15.002674] cloud-init[872]: |.= =.. =         |
[   15.004943] cloud-init[872]: |=.*oo.= o   E    |
[   15.007552] cloud-init[872]: |=@=+.=.o o .     |
[   15.009139] cloud-init[872]: |OB+o+.+.o..      |
[   15.010706] cloud-init[872]: +----[SHA256]-----+
[   15.012531] cloud-init[872]: Generating public/private dsa key pair.
[   15.015099] cloud-init[872]: Your identification has been saved in /etc/ssh/ssh_host_dsa_key.
[   15.018374] cloud-init[872]: Your public key has been saved in /etc/ssh/ssh_host_dsa_key.pub.
[   15.021586] cloud-init[872]: The key fingerprint is:
[   15.023630] cloud-init[872]: SHA256:43fCTqqGCjTTcJjE6CduIekTEAbE8YiSc7lW+x9W7E4 root@ubuntu-bionic
[   15.027063] cloud-init[872]: The key's randomart image is:
[   15.029816] cloud-init[872]: +---[DSA 1024]----+
[   15.044406] cloud-init[872]: |O*.              |
[   15.045958] cloud-init[872]: [[0;32m  OK  [0m] Started Initial cloud-init job (metadata service crawler).
[[0;32m  OK  [0m] Reached target Cloud-config availability.
[[0;32m  OK  [0m] Reached target System Initialization.
[[0;32m  OK  [0m] Started Message of the Day.
|*+=.             |
[   15.055134] cloud-init[872]: |B*oo.            |
[[0;32m  OK  [0m] Started ACPI Events Check.
[[0;32m  OK  [0m] Listening on ACPID Listen Socket.
[[0;32m  OK  [0m] Listening on UUID daemon activation socket.
[[0;32m  OK  [0m] Started Discard unused blocks once a week.
[[0;32m  OK  [0m] Started Daily apt download activities.
         Starting Socket activation for snappy daemon.
[[0;32m  OK  [0m] Started Daily Cleanup of Temporary Directories.
[[0;32m  OK  [0m] Listening on Open-iSCSI iscsid Socket.
[[0;32m  OK  [0m] Reached target Paths.
[[0;32m  OK  [0m] Started Daily apt upgrade and clean activities.
[[0;32m  OK  [0m] Reached target Timers.
         Starting LXD - unix socket.
[[0;32m  OK  [0m] Listening on D-Bus System Message Bus Socket.
[[0;32m  OK  [0m] Reached target Network is Online.
[[0;32m  OK  [0m] Reached target Remote File Systems (Pre).
[[0;32m  OK  [0m] Reached target Remote File Systems.
[   15.084741] cloud-init[872]: |+B++ .   .       |
[   15.086461] cloud-init[872]: |++B..   S o      |
[   15.088885]          Starting Availability of block devices...
[[0;32m  OK  [0m] Listening on Socket activation for snappy daemon.
[[0;32m  OK  [0m] Listening on LXD - unix socket.
[[0;32m  OK  [0m] Reached target Sockets.
[[0;32m  OK  [0m] Reached target Basic System.
         Starting System Logging Service...
         Starting Pollinate to seed the pseudo random number generator...
cloud-init[872]: |.*o  . . =       |
[   15.103520] cloud-init[872]: |o .  .. + E .    |
[   15.109000] cloud-init[872]: | .  . .o O o     |
[   15.112388] cloud-init[872]: |  .. ...o o      |
[   15.114495] cloud-init[872]: +----[SHA256]-----+
[   15.117519] cloud-init[872]: Generating public/private ecdsa key pair.
[   15.120637] cloud-init[872]: Your identification has been saved in /etc/ssh/ssh_host_ecdsa_key.
[   15.125161] cloud-init[872]: Your public key has been saved in /etc/ssh/ssh_host_ecdsa_key.pub.
[   15.128580] cloud-init[872]: The key fingerprint is:
[   15.131507] cloud-init[872]: SHA256:TXBNjplTb6tdJ6kB33mpMFRyDvAgj7a0q1cpapLBucY root@ubuntu-bionic
[   15.136771] cloud-init[872]: The key's randomart image is:
[   15.139033]          Starting Dispatcher daemon for systemd-networkd...
[[0;32m  OK  [0m] Started Deferred execution scheduler.
[[0;32m  OK  [0m] Started irqbalance daemon.
cloud-init         Starting Virtualbox guest utils...
[872]: +---[ECDSA 256]---+
         Starting LSB: Record successful boot for GRUB...
[   15.149865] cloud-init[872]: [[0;32m  OK  [0m] Started D-Bus System Message Bus.
|       ..oo=oo   |
[   15.156807] cloud-init[872]: |        +oo*B.   |
[   15.159591] cloud-init[872]: |       + .Bo..o  |
[   15.162492] cloud-init[872]: |      o oo.+ o +.|
[   15.163798] cloud-init[872]: |  . .  oS ooo *.+|
[   15.166306] cloud-init[872]: |   +   ..o  o=.+.|
[   15.167910] cloud-init[872]: |  . + ..o   o..  |
[   15.169708] cloud-init[872]: |   E o..         |
[   15.171322] cloud-init[872]: |  . o..          |
[   15.172921] cloud-init[872]: +----[SHA256]-----+
[   15.174559] cloud-init[872]: Generating public/private ed25519 key pair.
[   15.176440] cloud-init[872]: Your identification has been saved in /etc/ssh/ssh_host_ed25519_key.
[   15.179385] cloud-init[872]: Your public key has been saved in /etc/ssh/ssh_host_ed25519_key.pub.
[   15.182177] cloud-init[872]: The key fingerprint is:
[   15.183850] cloud-init[872]: SHA256:qSv/3M6dvMBmov4maxViVwGf9MtdA3Pmrt514iKpjxE root@ubuntu-bionic
[   15.196474] cloud-init[872]: The key's randomart image is:
[   15.208501] cloud-init[872]: +--[ED25519 256]--+
[   15.210054] cloud-init[872]: |        ..o. o o |
[   15.211791] cloud-init[872]: |         o.o  *  |
[   15.213440] cloud-init[872]: |         .o .  o.|
[   15.215101] cloud-init[872]: |      o o. . o...|
[   15.216842] cloud-init[872]: |     . oE.  o .. |
[   15.218727] cloud-init[872]: |       ..o    .  |
[   15.220461] cloud-init[872]: |      ..o =. .. o|
[   15.222289] cloud-init[872]: |    . o+.Oo+oo..o|
[   15.223955] cloud-init[872]: |     =***+=.=+.. |
[   15.226224] cloud-init[872]: +----[SHA256]-----+
         Starting Snappy daemon...
         Starting Login Service...
         Starting Accounts Service...
         Starting LXD - container startup/shutdown...
[[0;32m  OK  [0m] Started Regular background program processing daemon.
         Starting LSB: automatic crash report generation...
[[0;32m  OK  [0m] Started FUSE filesystem for LXC.
         Starting Permit User Sessions...
[[0;32m  OK  [0m] Started System Logging Service.
[[0;32m  OK  [0m] Started Availability of block devices.
[[0;32m  OK  [0m] Started Login Service.
[[0;32m  OK  [0m] Started Unattended Upgrades Shutdown.
[[0;32m  OK  [0m] Started Permit User Sessions.
         Starting Terminate Plymouth Boot Screen...
         Starting Hold until boot process finishes up...
         Starting Authorization Manager...
[[0;32m  OK  [0m] Started Hold until boot process finishes up.
[[0;32m  OK  [0m] Started Terminate Plymouth Boot Screen.
[[0;32m  OK  [0m] Started Serial Getty on ttyS0.
         Starting Set console scheme...
[[0;32m  OK  [0m] Started Authorization Manager.
[[0;32m  OK  [0m] Started Accounts Service.
[[0;32m  OK  [0m] Started Set console scheme.
[[0;32m  OK  [0m] Created slice system-getty.slice.
[[0;32m  OK  [0m] Started Getty on tty1.
[[0;32m  OK  [0m] Reached target Login Prompts.
[[0;32m  OK  [0m] Started LSB: Record successful boot for GRUB.
[[0;32m  OK  [0m] Started LSB: automatic crash report generation.
[[0;32m  OK  [0m] Started Virtualbox guest utils.
[[0;32m  OK  [0m] Started LXD - container startup/shutdown.
[[0;32m  OK  [0m] Started Dispatcher daemon for systemd-networkd.
[[0;32m  OK  [0m] Started Snappy daemon.
         Starting Wait until snapd is fully seeded...

Ubuntu 18.04.2 LTS ubuntu-bionic ttyS0

ubuntu-bionic login: [   26.698104] cloud-init[1445]: Cloud-init v. 18.5-45-g3554ffe8-0ubuntu1~18.04.1 running 'modules:config' at Mon, 08 Apr 2019 21:05:34 +0000. Up 25.78 seconds.
ci-info: no authorized ssh keys fingerprints found for user ubuntu.
<14>Apr  8 21:05:35 ec2: 
<14>Apr  8 21:05:35 ec2: #############################################################
<14>Apr  8 21:05:35 ec2: -----BEGIN SSH HOST KEY FINGERPRINTS-----
<14>Apr  8 21:05:35 ec2: 1024 SHA256:43fCTqqGCjTTcJjE6CduIekTEAbE8YiSc7lW+x9W7E4 root@ubuntu-bionic (DSA)
<14>Apr  8 21:05:35 ec2: 256 SHA256:TXBNjplTb6tdJ6kB33mpMFRyDvAgj7a0q1cpapLBucY root@ubuntu-bionic (ECDSA)
<14>Apr  8 21:05:35 ec2: 256 SHA256:qSv/3M6dvMBmov4maxViVwGf9MtdA3Pmrt514iKpjxE root@ubuntu-bionic (ED25519)
<14>Apr  8 21:05:35 ec2: 2048 SHA256:Kbxpv8iCmgUrG/BuaIYn+98DulgUZp1YOz4ab/hcPV8 root@ubuntu-bionic (RSA)
<14>Apr  8 21:05:35 ec2: -----END SSH HOST KEY FINGERPRINTS-----
<14>Apr  8 21:05:35 ec2: #############################################################
-----BEGIN SSH HOST KEY KEYS-----
ecdsa-sha2-nistp256 AAAAE2VjZHNhLXNoYTItbmlzdHAyNTYAAAAIbmlzdHAyNTYAAABBBM297q9Knuy75eZyHqL2NlaSVtqJmIxw8wCCeRBlMBoNbNRHPoqvUYvgA2lQ/VUc8u1kg1mkD64QAzLLGUkcZ1M= root@ubuntu-bionic
ssh-ed25519 AAAAC3NzaC1lZDI1NTE5AAAAIK2Di0mZx1BJIeRvz+qF873nh6yG855K9b7JwpwwvauI root@ubuntu-bionic
ssh-rsa AAAAB3NzaC1yc2EAAAADAQABAAABAQCfpbgtBSg3Hwdr5EjjmMYLLx8jb462hUqX2UfHl6oB4Ryvi1vew2P7SqB/ocnZ9ZkWLic9TeClEjXSnWcyVnnZEgb7s6c5qJkaE9yHlHSHNRSXCSfYq6oKFo9aTYdRaFLol21WqyOsnCS5ZUoVoc+JrCSRzPEmQh4nT190S5dmlEJxEmsfeMTiJqSIa88e22aHIAk/e2QBg4Yv/xCa1JS87WpexmQn7plzTDIPuajWk8fRSCg458H48Hy42pnolEQk03G6B+QAZUsnspOXMeIx5gCHVVAcC2iRHp+bvsnxfTKFxOkuPrC5Dv+Elwd5TxyrKI1aGQjghGX6TVboa5kB root@ubuntu-bionic
-----END SSH HOST KEY KEYS-----
[   27.528204] cloud-init[1677]: Cloud-init v. 18.5-45-g3554ffe8-0ubuntu1~18.04.1 running 'modules:final' at Mon, 08 Apr 2019 21:05:35 +0000. Up 27.32 seconds.
[   27.533361] cloud-init[1677]: ci-info: no authorized ssh keys fingerprints found for user ubuntu.
[   27.535688] cloud-init[1677]: Cloud-init v. 18.5-45-g3554ffe8-0ubuntu1~18.04.1 finished at Mon, 08 Apr 2019 21:05:35 +0000. Datasource DataSourceNoCloud [seed=/dev/sdb][dsmode=net].  Up 27.48 seconds
         Stopping User Manager for UID 1000...
[[0;32m  OK  [0m] Stopped target Timers.
[[0;32m  OK  [0m] Stopped Daily apt upgrade and clean activities.
         Stopping Availability of block devices...
[[0;32m  OK  [0m] Stopped target Graphical Interface.
         Stopping Accounts Service...
[[0;32m  OK  [0m] Stopped target Host and Network Name Lookups.
[[0;32m  OK  [0m] Stopped Message of the Day.
[[0;32m  OK  [0m] Closed Load/Save RF Kill Switch Status /dev/rfkill Watch.
[[0;32m  OK  [0m] Stopped Discard unused blocks once a week.
[[0;32m  OK  [0m] Stopped Daily Cleanup of Temporary Directories.
         Stopping Session 7 of user vagrant.
[[0;32m  OK  [0m] Stopped target Cloud-init target.
[[0;32m  OK  [0m] Stopped Execute cloud user/final scripts.
[[0;32m  OK  [0m] Stopped Apply the settings specified in cloud-config.
[[0;32m  OK  [0m] Stopped target Cloud-config availability.
[[0;32m  OK  [0m] Stopped target Multi-User System.
         Stopping FUSE filesystem for LXC...
         Stopping System Logging Service...
         Stopping LSB: Record successful boot for GRUB...
         Stopping vboxadd-service.service...
         Stopping LXD - container startup/shutdown...
         Stopping D-Bus System Message Bus...
         Stopping Deferred execution scheduler...
         Stopping Regular background program processing daemon...
         Stopping irqbalance daemon...
         Stopping OpenBSD Secure Shell server...
         Stopping LSB: automatic crash report generation...
         Stopping Dispatcher daemon for systemd-networkd...
[[0;32m  OK  [0m] Stopped Wait until snapd is fully seeded.
         Stopping Unattended Upgrades Shutdown...
         Stopping Docker Application Container Engine...
[[0;32m  OK  [0m] Stopped target Login Prompts.
         Stopping Serial Getty on ttyS0...
         Stopping Authorization Manager...
         Stopping Getty on tty1...
[[0;32m  OK  [0m] Stopped Daily apt download activities.
[[0;32m  OK  [0m] Stopped target System Time Synchronized.
[[0;32m  OK  [0m] Stopped System Logging Service.
[[0;32m  OK  [0m] Unmounted /var/lib/lxcfs.
[[0;32m  OK  [0m] Stopped Dispatcher daemon for systemd-networkd.
[[0;32m  OK  [0m] Stopped Deferred execution scheduler.
[[0;32m  OK  [0m] Stopped irqbalance daemon.
[[0;32m  OK  [0m] Stopped Accounts Service.
[[0;32m  OK  [0m] Stopped Regular background program processing daemon.
[[0;32m  OK  [0m] Stopped Authorization Manager.
[[0;32m  OK  [0m] Stopped Serial Getty on ttyS0.
[[0;32m  OK  [0m] Stopped Getty on tty1.
[[0;32m  OK  [0m] Stopped OpenBSD Secure Shell server.
[[0;32m  OK  [0m] Stopped Docker Application Container Engine.
[[0;32m  OK  [0m] Stopped User Manager for UID 1000.
[[0;32m  OK  [0m] Stopped D-Bus System Message Bus.
[[0;32m  OK  [0m] Stopped FUSE filesystem for LXC.
[[0;32m  OK  [0m] Stopped Session 7 of user vagrant.
[[0;32m  OK  [0m] Stopped Availability of block devices.
[[0;32m  OK  [0m] Stopped vboxadd-service.service.
         Stopping vboxadd.service...
[[0;32m  OK  [0m] Removed slice User Slice of vagrant.
         Stopping containerd container runtime...
[[0;32m  OK  [0m] Stopped target Network is Online.
[[0;32m  OK  [0m] Removed slice system-getty.slice.
[[0;32m  OK  [0m] Removed slice system-serial\x2dgetty.slice.
         Stopping Permit User Sessions...
[[0;32m  OK  [0m] Stopped Unattended Upgrades Shutdown.
[[0;32m  OK  [0m] Stopped containerd container runtime.
[[0;32m  OK  [0m] Stopped LSB: Record successful boot for GRUB.
[[0;32m  OK  [0m] Stopped Permit User Sessions.
         Stopping Login Service...
[[0;32m  OK  [0m] Stopped target Network.
         Stopping Network Name Resolution...
[[0;32m  OK  [0m] Stopped LXD - container startup/shutdown.
[[0;32m  OK  [0m] Stopped LSB: automatic crash report generation.
[[0;32m  OK  [0m] Stopped target Remote File Systems.
[[0;32m  OK  [0m] Stopped target Remote File Systems (Pre).
[[0;32m  OK  [0m] Stopped Network Name Resolution.
         Stopping Network Service...
[[0;32m  OK  [0m] Stopped Network Service.
[[0;32m  OK  [0m] Stopped target Network (Pre).
[[0;32m  OK  [0m] Stopped Login Service.
[[0;32m  OK  [0m] Stopped target User and Group Name Lookups.
[[0;32m  OK  [0m] Unmounted /vagrant.
[[0;32m  OK  [0m] Stopped vboxadd.service.
[[0;32m  OK  [0m] Stopped target Basic System.
[[0;32m  OK  [0m] Stopped target Sockets.
[[0;32m  OK  [0m] Closed Docker Socket for the API.
[[0;32m  OK  [0m] Closed UUID daemon activation socket.
[[0;32m  OK  [0m] Closed Open-iSCSI iscsid Socket.
[[0;32m  OK  [0m] Closed LXD - unix socket.
[[0;32m  OK  [0m] Closed ACPID Listen Socket.
[[0;32m  OK  [0m] Closed Socket activation for snappy daemon.
[[0;32m  OK  [0m] Closed Syslog Socket.
[[0;32m  OK  [0m] Closed D-Bus System Message Bus Socket.
[[0;32m  OK  [0m] Stopped target Slices.
[[0;32m  OK  [0m] Removed slice User and Session Slice.
[[0;32m  OK  [0m] Stopped target Paths.
[[0;32m  OK  [0m] Stopped ACPI Events Check.
[[0;32m  OK  [0m] Stopped target System Initialization.
[[0;32m  OK  [0m] Stopped Commit a transient machine-id on disk.
[[0;32m  OK  [0m] Stopped target Local Encrypted Volumes.
         Stopping Update UTMP about System Boot/Shutdown...
[[0;32m  OK  [0m] Stopped Apply Kernel Variables.
[[0;32m  OK  [0m] Stopped Load Kernel Modules.
         Stopping Load/Save Random Seed...
[[0;32m  OK  [0m] Stopped Initial cloud-init job (metadata service crawler).
[[0;32m  OK  [0m] Stopped Initial cloud-init job (pre-networking).
[[0;32m  OK  [0m] Stopped Forward Password Requests to Wall Directory Watch.
[[0;32m  OK  [0m] Stopped Dispatch Password Requests to Console Directory Watch.
[[0;32m  OK  [0m] Stopped Load/Save Random Seed.
[[0;32m  OK  [0m] Stopped Update UTMP about System Boot/Shutdown.
[[0;32m  OK  [0m] Stopped Create Volatile Files and Directories.
[[0;32m  OK  [0m] Stopped target Local File Systems.
         Unmounting /run/user/1000...
[[0;32m  OK  [0m] Unmounted /run/user/1000.
[[0;32m  OK  [0m] Reached target Unmount All Filesystems.
[[0;32m  OK  [0m] Stopped target Local File Systems (Pre).
[[0;32m  OK  [0m] Stopped Remount Root and Kernel File Systems.
[[0;32m  OK  [0m] Stopped Create Static Device Nodes in /dev.
         Stopping Monitoring of LVM2 mirrorsâ€¦ng dmeventd or progress polling...
[[0;32m  OK  [0m] Stopped target Swap.
[[0;32m  OK  [0m] Reached target Shutdown.
[[0;32m  OK  [0m] Reached target Final Step.
         Starting Power-Off...
[  668.573395] reboot: Power down
