[    0.000000] Linux version 4.15.0-46-generic (buildd@lgw01-amd64-038) (gcc version 7.3.0 (Ubuntu 7.3.0-16ubuntu3)) #49-Ubuntu SMP Wed Feb 6 09:33:07 UTC 2019 (Ubuntu 4.15.0-46.49-generic 4.15.18)
[    0.000000] Command line: BOOT_IMAGE=/boot/vmlinuz-4.15.0-46-generic root=LABEL=cloudimg-rootfs ro console=tty1 console=ttyS0
[    0.000000] KERNEL supported cpus:
[    0.000000]   Intel GenuineIntel
[    0.000000]   AMD AuthenticAMD
[    0.000000]   Centaur CentaurHauls
[    0.000000] x86/fpu: Supporting XSAVE feature 0x001: 'x87 floating point registers'
[    0.000000] x86/fpu: Supporting XSAVE feature 0x002: 'SSE registers'
[    0.000000] x86/fpu: Supporting XSAVE feature 0x004: 'AVX registers'
[    0.000000] x86/fpu: xstate_offset[2]:  576, xstate_sizes[2]:  256
[    0.000000] x86/fpu: Enabled xstate features 0x7, context size is 832 bytes, using 'standard' format.
[    0.000000] e820: BIOS-provided physical RAM map:
[    0.000000] BIOS-e820: [mem 0x0000000000000000-0x000000000009fbff] usable
[    0.000000] BIOS-e820: [mem 0x000000000009fc00-0x000000000009ffff] reserved
[    0.000000] BIOS-e820: [mem 0x00000000000f0000-0x00000000000fffff] reserved
[    0.000000] BIOS-e820: [mem 0x0000000000100000-0x000000003ffeffff] usable
[    0.000000] BIOS-e820: [mem 0x000000003fff0000-0x000000003fffffff] ACPI data
[    0.000000] BIOS-e820: [mem 0x00000000fec00000-0x00000000fec00fff] reserved
[    0.000000] BIOS-e820: [mem 0x00000000fee00000-0x00000000fee00fff] reserved
[    0.000000] BIOS-e820: [mem 0x00000000fffc0000-0x00000000ffffffff] reserved
[    0.000000] NX (Execute Disable) protection: active
[    0.000000] SMBIOS 2.5 present.
[    0.000000] DMI: innotek GmbH VirtualBox/VirtualBox, BIOS VirtualBox 12/01/2006
[    0.000000] Hypervisor detected: KVM
[    0.000000] e820: last_pfn = 0x3fff0 max_arch_pfn = 0x400000000
[    0.000000] MTRR: Disabled
[    0.000000] x86/PAT: MTRRs disabled, skipping PAT initialization too.
[    0.000000] CPU MTRRs all blank - virtualized system.
[    0.000000] x86/PAT: Configuration [0-7]: WB  WT  UC- UC  WB  WT  UC- UC  
[    0.000000] found SMP MP-table at [mem 0x0009fff0-0x0009ffff] mapped at [        (ptrval)]
[    0.000000] Scanning 1 areas for low memory corruption
[    0.000000] RAMDISK: [mem 0x35add000-0x36d65fff]
[    0.000000] ACPI: Early table checksum verification disabled
[    0.000000] ACPI: RSDP 0x00000000000E0000 000024 (v02 VBOX  )
[    0.000000] ACPI: XSDT 0x000000003FFF0030 00003C (v01 VBOX   VBOXXSDT 00000001 ASL  00000061)
[    0.000000] ACPI: FACP 0x000000003FFF00F0 0000F4 (v04 VBOX   VBOXFACP 00000001 ASL  00000061)
[    0.000000] ACPI: DSDT 0x000000003FFF0470 0022EA (v02 VBOX   VBOXBIOS 00000002 INTL 20100528)
[    0.000000] ACPI: FACS 0x000000003FFF0200 000040
[    0.000000] ACPI: FACS 0x000000003FFF0200 000040
[    0.000000] ACPI: APIC 0x000000003FFF0240 00005C (v02 VBOX   VBOXAPIC 00000001 ASL  00000061)
[    0.000000] ACPI: SSDT 0x000000003FFF02A0 0001CC (v01 VBOX   VBOXCPUT 00000002 INTL 20100528)
[    0.000000] No NUMA configuration found
[    0.000000] Faking a node at [mem 0x0000000000000000-0x000000003ffeffff]
[    0.000000] NODE_DATA(0) allocated [mem 0x3ffc5000-0x3ffeffff]
[    0.000000] kvm-clock: cpu 0, msr 0:3ff44001, primary cpu clock
[    0.000000] kvm-clock: Using msrs 4b564d01 and 4b564d00
[    0.000000] kvm-clock: using sched offset of 4207579319 cycles
[    0.000000] clocksource: kvm-clock: mask: 0xffffffffffffffff max_cycles: 0x1cd42e4dffb, max_idle_ns: 881590591483 ns
[    0.000000] Zone ranges:
[    0.000000]   DMA      [mem 0x0000000000001000-0x0000000000ffffff]
[    0.000000]   DMA32    [mem 0x0000000001000000-0x000000003ffeffff]
[    0.000000]   Normal   empty
[    0.000000]   Device   empty
[    0.000000] Movable zone start for each node
[    0.000000] Early memory node ranges
[    0.000000]   node   0: [mem 0x0000000000001000-0x000000000009efff]
[    0.000000]   node   0: [mem 0x0000000000100000-0x000000003ffeffff]
[    0.000000] Reserved but unavailable: 114 pages
[    0.000000] Initmem setup node 0 [mem 0x0000000000001000-0x000000003ffeffff]
[    0.000000] ACPI: PM-Timer IO Port: 0x4008
[    0.000000] IOAPIC[0]: apic_id 2, version 32, address 0xfec00000, GSI 0-23
[    0.000000] ACPI: INT_SRC_OVR (bus 0 bus_irq 0 global_irq 2 dfl dfl)
[    0.000000] ACPI: INT_SRC_OVR (bus 0 bus_irq 9 global_irq 9 low level)
[    0.000000] Using ACPI (MADT) for SMP configuration information
[    0.000000] smpboot: Allowing 2 CPUs, 0 hotplug CPUs
[    0.000000] PM: Registered nosave memory: [mem 0x00000000-0x00000fff]
[    0.000000] PM: Registered nosave memory: [mem 0x0009f000-0x0009ffff]
[    0.000000] PM: Registered nosave memory: [mem 0x000a0000-0x000effff]
[    0.000000] PM: Registered nosave memory: [mem 0x000f0000-0x000fffff]
[    0.000000] e820: [mem 0x40000000-0xfebfffff] available for PCI devices
[    0.000000] Booting paravirtualized kernel on KVM
[    0.000000] clocksource: refined-jiffies: mask: 0xffffffff max_cycles: 0xffffffff, max_idle_ns: 7645519600211568 ns
[    0.000000] random: get_random_bytes called from start_kernel+0x99/0x4fd with crng_init=0
[    0.000000] setup_percpu: NR_CPUS:8192 nr_cpumask_bits:2 nr_cpu_ids:2 nr_node_ids:1
[    0.000000] percpu: Embedded 46 pages/cpu @        (ptrval) s151552 r8192 d28672 u1048576
[    0.000000] PV qspinlock hash table entries: 256 (order: 0, 4096 bytes)
[    0.000000] Built 1 zonelists, mobility grouping on.  Total pages: 257913
[    0.000000] Policy zone: DMA32
[    0.000000] Kernel command line: BOOT_IMAGE=/boot/vmlinuz-4.15.0-46-generic root=LABEL=cloudimg-rootfs ro console=tty1 console=ttyS0
[    0.000000] Memory: 983604K/1048120K available (12300K kernel code, 2473K rwdata, 4252K rodata, 2408K init, 2416K bss, 64516K reserved, 0K cma-reserved)
[    0.000000] SLUB: HWalign=64, Order=0-3, MinObjects=0, CPUs=2, Nodes=1
[    0.000000] Kernel/User page tables isolation: enabled
[    0.000000] ftrace: allocating 39198 entries in 154 pages
[    0.004000] Hierarchical RCU implementation.
[    0.004000] 	RCU restricting CPUs from NR_CPUS=8192 to nr_cpu_ids=2.
[    0.004000] 	Tasks RCU enabled.
[    0.004000] RCU: Adjusting geometry for rcu_fanout_leaf=16, nr_cpu_ids=2
[    0.004000] NR_IRQS: 524544, nr_irqs: 440, preallocated irqs: 16
[    0.004000] Console: colour VGA+ 80x25
[    0.004000] console [tty1] enabled
[    0.004000] console [ttyS0] enabled
[    0.004000] ACPI: Core revision 20170831
[    0.004000] ACPI: 2 ACPI AML tables successfully acquired and loaded
[    0.004000] APIC: Switch to symmetric I/O mode setup
[    0.004000] x2apic enabled
[    0.004000] Switched APIC routing to physical x2apic.
[    0.005119] ..TIMER: vector=0x30 apic1=0 pin1=2 apic2=-1 pin2=-1
[    0.008003] tsc: Detected 1296.000 MHz processor
[    0.010061] Calibrating delay loop (skipped) preset value.. 2592.00 BogoMIPS (lpj=5184000)
[    0.012004] pid_max: default: 32768 minimum: 301
[    0.013772] Security Framework initialized
[    0.016004] Yama: becoming mindful.
[    0.017266] AppArmor: AppArmor initialized
[    0.020000] Dentry cache hash table entries: 131072 (order: 8, 1048576 bytes)
[    0.020149] Inode-cache hash table entries: 65536 (order: 7, 524288 bytes)
[    0.022793] Mount-cache hash table entries: 2048 (order: 2, 16384 bytes)
[    0.024007] Mountpoint-cache hash table entries: 2048 (order: 2, 16384 bytes)
[    0.028259] mce: CPU supports 0 MCE banks
[    0.030489] Last level iTLB entries: 4KB 64, 2MB 8, 4MB 8
[    0.032003] Last level dTLB entries: 4KB 64, 2MB 0, 4MB 0, 1GB 4
[    0.036004] Spectre V2 : Mitigation: Full generic retpoline
[    0.038172] Spectre V2 : Spectre v2 / SpectreRSB mitigation: Filling RSB on context switch
[    0.040003] Speculative Store Bypass: Vulnerable
[    0.044131] Freeing SMP alternatives memory: 36K
[    0.052000] smpboot: CPU0: Intel(R) Core(TM) i5-7Y54 CPU @ 1.20GHz (family: 0x6, model: 0x8e, stepping: 0x9)
[    0.052000] Performance Events: unsupported p6 CPU model 142 no PMU driver, software events only.
[    0.052044] Hierarchical SRCU implementation.
[    0.056897] NMI watchdog: Perf event create on CPU 0 failed with -2
[    0.059522] NMI watchdog: Perf NMI watchdog permanently disabled
[    0.060068] smp: Bringing up secondary CPUs ...
[    0.064119] x86: Booting SMP configuration:
[    0.065711] .... node  #0, CPUs:      #1
[    0.004000] kvm-clock: cpu 1, msr 0:3ff44041, secondary cpu clock
[    0.004000] mce: CPU supports 0 MCE banks
[    0.072037] smp: Brought up 1 node, 2 CPUs
[    0.073715] smpboot: Max logical packages: 1
[    0.076010] smpboot: Total of 2 processors activated (5184.00 BogoMIPS)
[    0.078830] devtmpfs: initialized
[    0.080058] x86/mm: Memory block size: 128MB
[    0.082344] evm: security.selinux
[    0.084009] evm: security.SMACK64
[    0.085660] evm: security.SMACK64EXEC
[    0.088007] evm: security.SMACK64TRANSMUTE
[    0.089540] evm: security.SMACK64MMAP
[    0.092004] evm: security.apparmor
[    0.093519] evm: security.ima
[    0.096008] evm: security.capability
[    0.100249] clocksource: jiffies: mask: 0xffffffff max_cycles: 0xffffffff, max_idle_ns: 7645041785100000 ns
[    0.104035] futex hash table entries: 512 (order: 3, 32768 bytes)
[    0.106285] pinctrl core: initialized pinctrl subsystem
[    0.110045] RTC time: 11:04:19, date: 03/29/19
[    0.112186] NET: Registered protocol family 16
[    0.113909] audit: initializing netlink subsys (disabled)
[    0.116041] audit: type=2000 audit(1553857465.382:1): state=initialized audit_enabled=0 res=1
[    0.120101] cpuidle: using governor ladder
[    0.121849] cpuidle: using governor menu
[    0.124060] ACPI: bus type PCI registered
[    0.125948] acpiphp: ACPI Hot Plug PCI Controller Driver version: 0.5
[    0.128162] PCI: Using configuration type 1 for base access
[    0.136087] HugeTLB registered 2.00 MiB page size, pre-allocated 0 pages
[    0.140277] ACPI: Added _OSI(Module Device)
[    0.142309] ACPI: Added _OSI(Processor Device)
[    0.144014] ACPI: Added _OSI(3.0 _SCP Extensions)
[    0.146792] ACPI: Added _OSI(Processor Aggregator Device)
[    0.148034] ACPI: Added _OSI(Linux-Dell-Video)
[    0.152007] ACPI: Added _OSI(Linux-Lenovo-NV-HDMI-Audio)
[    0.156008] ACPI: Added _OSI(Linux-HPI-Hybrid-Graphics)
[    0.160850] ACPI: Executed 1 blocks of module-level executable AML code
[    0.176000] ACPI: Interpreter enabled
[    0.176131] ACPI: (supports S0 S5)
[    0.180008] ACPI: Using IOAPIC for interrupt routing
[    0.184584] PCI: Using host bridge windows from ACPI; if necessary, use "pci=nocrs" and report a bug
[    0.188997] ACPI: Enabled 2 GPEs in block 00 to 07
[    0.216948] ACPI: PCI Root Bridge [PCI0] (domain 0000 [bus 00-ff])
[    0.220012] acpi PNP0A03:00: _OSC: OS supports [ASPM ClockPM Segments MSI]
[    0.224867] acpi PNP0A03:00: _OSC: not requesting OS control; OS requires [ExtendedConfig ASPM ClockPM MSI]
[    0.228017] acpi PNP0A03:00: fail to add MMCONFIG information, can't access extended PCI configuration space under this bridge.
[    0.232618] PCI host bridge to bus 0000:00
[    0.233843] pci_bus 0000:00: root bus resource [io  0x0000-0x0cf7 window]
[    0.236010] pci_bus 0000:00: root bus resource [io  0x0d00-0xffff window]
[    0.238472] pci_bus 0000:00: root bus resource [mem 0x000a0000-0x000bffff window]
[    0.240010] pci_bus 0000:00: root bus resource [mem 0x40000000-0xfdffffff window]
[    0.244010] pci_bus 0000:00: root bus resource [bus 00-ff]
[    0.252808] pci 0000:00:01.1: legacy IDE quirk: reg 0x10: [io  0x01f0-0x01f7]
[    0.256000] pci 0000:00:01.1: legacy IDE quirk: reg 0x14: [io  0x03f6]
[    0.256006] pci 0000:00:01.1: legacy IDE quirk: reg 0x18: [io  0x0170-0x0177]
[    0.260003] pci 0000:00:01.1: legacy IDE quirk: reg 0x1c: [io  0x0376]
[    0.286828] pci 0000:00:07.0: quirk: [io  0x4000-0x403f] claimed by PIIX4 ACPI
[    0.288031] pci 0000:00:07.0: quirk: [io  0x4100-0x410f] claimed by PIIX4 SMB
[    0.305816] ACPI: PCI Interrupt Link [LNKA] (IRQs 5 9 10 *11)
[    0.308674] ACPI: PCI Interrupt Link [LNKB] (IRQs 5 9 *10 11)
[    0.311533] ACPI: PCI Interrupt Link [LNKC] (IRQs 5 *9 10 11)
[    0.312235] ACPI: PCI Interrupt Link [LNKD] (IRQs 5 9 10 *11)
[    0.316504] SCSI subsystem initialized
[    0.317723] pci 0000:00:02.0: vgaarb: setting as boot VGA device
[    0.318611] pci 0000:00:02.0: vgaarb: VGA device added: decodes=io+mem,owns=io+mem,locks=none
[    0.320005] pci 0000:00:02.0: vgaarb: bridge control possible
[    0.324002] vgaarb: loaded
[    0.325168] ACPI: bus type USB registered
[    0.326866] usbcore: registered new interface driver usbfs
[    0.328012] usbcore: registered new interface driver hub
[    0.329650] usbcore: registered new device driver usb
[    0.332069] EDAC MC: Ver: 3.0.0
[    0.333613] PCI: Using ACPI for IRQ routing
[    0.336496] NetLabel: Initializing
[    0.337596] NetLabel:  domain hash size = 128
[    0.338916] NetLabel:  protocols = UNLABELED CIPSOv4 CALIPSO
[    0.340019] NetLabel:  unlabeled traffic allowed by default
[    0.341760] clocksource: Switched to clocksource kvm-clock
[    0.356618] VFS: Disk quotas dquot_6.6.0
[    0.358401] VFS: Dquot-cache hash table entries: 512 (order 0, 4096 bytes)
[    0.361253] AppArmor: AppArmor Filesystem Enabled
[    0.363495] pnp: PnP ACPI init
[    0.366966] pnp: PnP ACPI: found 3 devices
[    0.381761] clocksource: acpi_pm: mask: 0xffffff max_cycles: 0xffffff, max_idle_ns: 2085701024 ns
[    0.385191] NET: Registered protocol family 2
[    0.389205] TCP established hash table entries: 8192 (order: 4, 65536 bytes)
[    0.391925] TCP bind hash table entries: 8192 (order: 5, 131072 bytes)
[    0.394344] TCP: Hash tables configured (established 8192 bind 8192)
[    0.396231] UDP hash table entries: 512 (order: 2, 16384 bytes)
[    0.398202] UDP-Lite hash table entries: 512 (order: 2, 16384 bytes)
[    0.400821] NET: Registered protocol family 1
[    0.402685] pci 0000:00:00.0: Limiting direct PCI/PCI transfers
[    0.405025] pci 0000:00:01.0: Activating ISA DMA hang workarounds
[    0.406935] pci 0000:00:02.0: Video device with shadowed ROM at [mem 0x000c0000-0x000dffff]
[    0.409696] Unpacking initramfs...
[    0.751607] Freeing initrd memory: 18980K
[    0.753521] platform rtc_cmos: registered platform RTC device (no PNP device found)
[    0.756761] Scanning for low memory corruption every 60 seconds
[    0.759417] Initialise system trusted keyrings
[    0.761142] Key type blacklist registered
[    0.762946] workingset: timestamp_bits=36 max_order=18 bucket_order=0
[    0.765999] zbud: loaded
[    0.767352] squashfs: version 4.0 (2009/01/31) Phillip Lougher
[    0.769360] fuse init (API version 7.26)
[    0.774306] Key type asymmetric registered
[    0.776304] Asymmetric key parser 'x509' registered
[    0.778296] Block layer SCSI generic (bsg) driver version 0.4 loaded (major 246)
[    0.780848] io scheduler noop registered
[    0.782041] io scheduler deadline registered
[    0.783415] io scheduler cfq registered (default)
[    0.785588] ACPI: AC Adapter [AC] (off-line)
[    0.787058] input: Power Button as /devices/LNXSYSTM:00/LNXPWRBN:00/input/input0
[    0.789533] ACPI: Power Button [PWRF]
[    0.791080] input: Sleep Button as /devices/LNXSYSTM:00/LNXSLPBN:00/input/input1
[    0.793937] ACPI: Sleep Button [SLPF]
[    0.797454] ACPI: Battery Slot [BAT0] (battery present)
[    0.799837] Serial: 8250/16550 driver, 32 ports, IRQ sharing enabled
 	
 !"#$%&'()*+,-./0123456789:;<=>?@ABCDEFGHIJKLMNOPQRSTUVWXYZ[\]^_`abcdefghijklmnopqrstuvwxyz{|}~€‚ƒ„…†‡ˆ‰Š‹ŒŽ‘’“”•–—˜™š›œžŸ ¡¢£¤¥¦§¨©ª«¬­®¯°±²³´µ¶·¸¹º»¼½¾¿ÀÁÂÃÄÅÆÇÈÉÊËÌÍÎÏÐÑÒÓÔÕÖ×ØÙÚÛÜÝÞßàáâãäåæçèéêëìíîïðñòóôõö÷øùúûüýþÿ[    0.827235] 00:02: ttyS0 at I/O 0x3f8 (irq = 4, base_baud = 115200) is a 16550A
[    0.835843] Linux agpgart interface v0.103
[    0.839294] loop: module loaded
[    0.842780] scsi host0: ata_piix
[    0.844491] scsi host1: ata_piix
[    0.845788] ata1: PATA max UDMA/33 cmd 0x1f0 ctl 0x3f6 bmdma 0xd000 irq 14
[    0.848155] ata2: PATA max UDMA/33 cmd 0x170 ctl 0x376 bmdma 0xd008 irq 15
[    0.850436] libphy: Fixed MDIO Bus: probed
[    0.851951] tun: Universal TUN/TAP device driver, 1.6
[    0.853851] PPP generic driver version 2.4.2
[    0.855683] ehci_hcd: USB 2.0 'Enhanced' Host Controller (EHCI) Driver
[    0.858203] ehci-pci: EHCI PCI platform driver
[    0.859974] ehci-platform: EHCI generic platform driver
[    0.862009] ohci_hcd: USB 1.1 'Open' Host Controller (OHCI) Driver
[    0.864341] ohci-pci: OHCI PCI platform driver
[    0.865686] ohci-platform: OHCI generic platform driver
[    0.867319] uhci_hcd: USB Universal Host Controller Interface driver
[    0.869245] i8042: PNP: PS/2 Controller [PNP0303:PS2K,PNP0f03:PS2M] at 0x60,0x64 irq 1,12
[    0.872071] serio: i8042 KBD port at 0x60,0x64 irq 1
[    0.873788] serio: i8042 AUX port at 0x60,0x64 irq 12
[    0.876167] mousedev: PS/2 mouse device common for all mice
[    0.879163] input: AT Translated Set 2 keyboard as /devices/platform/i8042/serio0/input/input2
[    0.880208] rtc_cmos rtc_cmos: rtc core: registered rtc_cmos as rtc0
[    0.880283] rtc_cmos rtc_cmos: alarms up to one day, 114 bytes nvram
[    0.880294] i2c /dev entries driver
[    0.880300] pcie_mp2_amd: AMD(R) PCI-E MP2 Communication Driver Version: 1.0
[    0.880396] device-mapper: uevent: version 1.0.3
[    0.880465] device-mapper: ioctl: 4.37.0-ioctl (2017-09-20) initialised: dm-devel@redhat.com
[    0.894298] ledtrig-cpu: registered to indicate activity on CPUs
[    0.897583] NET: Registered protocol family 10
[    0.903884] Segment Routing with IPv6
[    0.905140] NET: Registered protocol family 17
[    0.906661] Key type dns_resolver registered
[    0.908320] RAS: Correctable Errors collector initialized.
[    0.910493] sched_clock: Marking stable (908141176, 0)->(1297359691, -389218515)
[    0.914002] registered taskstats version 1
[    0.915944] Loading compiled-in X.509 certificates
[    0.920792] Loaded X.509 cert 'Build time autogenerated kernel key: b873a790e41754b50f7dbae45b6bd46229c3c73f'
[    0.924788] zswap: loaded using pool lzo/zbud
[    0.931341] Key type big_key registered
[    0.933123] Key type trusted registered
[    0.936582] Key type encrypted registered
[    0.938361] AppArmor: AppArmor sha1 policy hashing enabled
[    0.940127] ima: No TPM chip found, activating TPM-bypass! (rc=-19)
[    0.942234] ima: Allocated hash algorithm: sha1
[    0.943633] evm: HMAC attrs: 0x1
[    0.945180]   Magic number: 11:838:75
[    0.946453] rtc_cmos rtc_cmos: setting system clock to 2019-03-29 11:04:20 UTC (1553857460)
[    0.950062] BIOS EDD facility v0.16 2004-Jun-25, 0 devices found
[    0.952073] EDD information not available.
[    1.011841] Freeing unused kernel memory: 2408K
[    1.024369] Write protecting the kernel read-only data: 20480k
[    1.028369] Freeing unused kernel memory: 2008K
[    1.034264] Freeing unused kernel memory: 1892K
[    1.041585] x86/mm: Checked W+X mappings: passed, no W+X pages found.
[    1.044066] x86/mm: Checking user space page tables
[    1.051386] x86/mm: Checked W+X mappings: passed, no W+X pages found.
Loading, please wait...
starting version 237
[    1.126773] e1000: Intel(R) PRO/1000 Network Driver - version 7.3.21-k8-NAPI
[    1.129542] e1000: Copyright (c) 1999-2006 Intel Corporation.
[    1.132010] Fusion MPT base driver 3.04.20
[    1.133863] Copyright (c) 1999-2008 LSI Corporation
[    1.158563] AVX2 version of gcm_enc/dec engaged.
[    1.160697] AES CTR mode by8 optimization enabled
[    1.173595] Fusion MPT SPI Host driver 3.04.20
[    1.343986] input: ImExPS/2 Generic Explorer Mouse as /devices/platform/i8042/serio1/input/input4
[    1.641425] e1000 0000:00:03.0 eth0: (PCI:33MHz:32-bit) 02:36:5d:d2:e9:95
[    1.644191] e1000 0000:00:03.0 eth0: Intel(R) PRO/1000 Network Connection
[    1.648101] mptbase: ioc0: Initiating bringup
[    1.745051] ioc0: LSI53C1030 A0: Capabilities={Initiator}
[    1.760084] tsc: Refined TSC clocksource calibration: 1296.553 MHz
[    1.763564] clocksource: tsc: mask: 0xffffffffffffffff max_cycles: 0x12b065d1766, max_idle_ns: 440795251090 ns
[    1.993752] scsi host2: ioc0: LSI53C1030 A0, FwRev=00000000h, Ports=1, MaxQ=256, IRQ=20
[    2.166075] scsi 2:0:0:0: Direct-Access     VBOX     HARDDISK         1.0  PQ: 0 ANSI: 5
[    2.196369] scsi target2:0:0: Beginning Domain Validation
[    2.202943] scsi target2:0:0: Domain Validation skipping write tests
[    2.205196] scsi target2:0:0: Ending Domain Validation
[    2.212704] scsi target2:0:0: asynchronous
[    2.241410] scsi 2:0:1:0: Direct-Access     VBOX     HARDDISK         1.0  PQ: 0 ANSI: 5
[    2.277313] scsi target2:0:1: Beginning Domain Validation
[    2.281145] random: fast init done
[    2.283056] scsi target2:0:1: Domain Validation skipping write tests
[    2.285701] scsi target2:0:1: Ending Domain Validation
[    2.287756] scsi target2:0:1: asynchronous
[    2.295171] random: systemd-udevd: uninitialized urandom read (16 bytes read)
[    2.297485] random: systemd-udevd: uninitialized urandom read (16 bytes read)
[    2.299618] random: systemd-udevd: uninitialized urandom read (16 bytes read)
[    2.301949] sd 2:0:0:0: Attached scsi generic sg0 type 0
[    2.303751] sd 2:0:1:0: Attached scsi generic sg1 type 0
[    2.312257] sd 2:0:0:0: [sda] 20971520 512-byte logical blocks: (10.7 GB/10.0 GiB)
[    2.314898] sd 2:0:1:0: [sdb] 20480 512-byte logical blocks: (10.5 MB/10.0 MiB)
[    2.317415] sd 2:0:0:0: [sda] Write Protect is off
[    2.319001] sd 2:0:1:0: [sdb] Write Protect is off
[    2.320733] sd 2:0:0:0: [sda] Incomplete mode parameter data
[    2.322563] sd 2:0:0:0: [sda] Assuming drive cache: write through
[    2.324452] sd 2:0:1:0: [sdb] Incomplete mode parameter data
[    2.326301] sd 2:0:1:0: [sdb] Assuming drive cache: write through
[    2.331150]  sda: sda1
[    2.335686] sd 2:0:0:0: [sda] Attached SCSI disk
[    2.337491] sd 2:0:1:0: [sdb] Attached SCSI disk
[    2.695895] e1000 0000:00:08.0 eth1: (PCI:33MHz:32-bit) 08:00:27:11:73:15
[    2.698718] e1000 0000:00:08.0 eth1: Intel(R) PRO/1000 Network Connection
[    2.702231] e1000 0000:00:08.0 enp0s8: renamed from eth1
[    2.721096] e1000 0000:00:03.0 enp0s3: renamed from eth0
Begin: Loading essential drivers ... [    4.184333] raid6: sse2x1   gen()  9928 MB/s
[    4.232193] raid6: sse2x1   xor()  7290 MB/s
[    4.280332] raid6: sse2x2   gen() 11890 MB/s
[    4.328343] raid6: sse2x2   xor()  8299 MB/s
[    4.376047] raid6: sse2x4   gen() 14137 MB/s
[    4.424069] raid6: sse2x4   xor()  8579 MB/s
[    4.472297] raid6: avx2x1   gen() 20107 MB/s
[    4.520612] raid6: avx2x1   xor() 13142 MB/s
[    4.568280] raid6: avx2x2   gen() 24043 MB/s
[    4.616070] raid6: avx2x2   xor() 14241 MB/s
[    4.664258] raid6: avx2x4   gen() 28073 MB/s
[    4.712275] raid6: avx2x4   xor() 12900 MB/s
[    4.714748] raid6: using algorithm avx2x4 gen() 28073 MB/s
[    4.717657] raid6: .... xor() 12900 MB/s, rmw enabled
[    4.720603] raid6: using avx2x2 recovery algorithm
[    4.727241] xor: automatically using best checksumming function   avx       
[    4.736220] async_tx: api initialized (async)
done.
Begin: Running /scripts/init-premount ... done.
Begin: Mounting root file system ... Begin: Running /scripts/local-top ... done.
Begin: Running /scripts/local-premount ... [    4.817377] Btrfs loaded, crc32c=crc32c-intel
Scanning for Btrfs filesystems
done.
Warning: fsck not present, so skipping root file system
[    4.882407] EXT4-fs (sda1): mounted filesystem with ordered data mode. Opts: (null)
done.
Begin: Running /scripts/local-bottom ... done.
Begin: Running /scripts/init-bottom ... done.
[    5.160712] ip_tables: (C) 2000-2006 Netfilter Core Team
[    5.202809] systemd[1]: systemd 237 running in system mode. (+PAM +AUDIT +SELINUX +IMA +APPARMOR +SMACK +SYSVINIT +UTMP +LIBCRYPTSETUP +GCRYPT +GNUTLS +ACL +XZ +LZ4 +SECCOMP +BLKID +ELFUTILS +KMOD -IDN2 +IDN -PCRE2 default-hierarchy=hybrid)
[    5.211433] systemd[1]: Detected virtualization oracle.
[    5.213294] systemd[1]: Detected architecture x86-64.

Welcome to [1mUbuntu 18.04.2 LTS[0m!

[    5.221373] systemd[1]: Set hostname to <ubuntu>.
[    5.248697] systemd[1]: Initializing machine ID from random generator.
[    5.253231] systemd[1]: Installed transient /etc/machine-id file.
[    5.517201] systemd[1]: Reached target User and Group Name Lookups.
[[0;32m  OK  [0m] Reached target User and Group Name Lookups.
[    5.521477] systemd[1]: Reached target System Time Synchronized.
[[0;32m  OK  [0m] Reached target System Time Synchronized.
[    5.525472] systemd[1]: Started Forward Password Requests to Wall Directory Watch.
[[0;32m  OK  [0m] Started Forward Password Requests to Wall Directory Watch.
[    5.532214] systemd[1]: Created slice System Slice.
[[0;32m  OK  [0m] Created slice System Slice.
[[0;32m  OK  [0m] Listening on Journal Socket (/dev/log).
[[0;32m  OK  [0m] Listening on LVM2 metadata daemon socket.
[[0;32m  OK  [0m] Listening on Device-mapper event daemon FIFOs.
[[0;32m  OK  [0m] Listening on /dev/initctl Compatibility Named Pipe.
[[0;32m  OK  [0m] Listening on LVM2 poll daemon socket.
[[0;32m  OK  [0m] Listening on Journal Socket.
         Mounting Huge Pages File System...
         Starting Monitoring of LVM2 mirrorsâ€¦ng dmeventd or progress polling...
         Mounting Kernel Debug File System...
         Starting Set the console keyboard layout...
         Starting Remount Root and Kernel File Systems...
         Mounting POSIX Message Queue File System...
[[0;32m  OK  [0m] Created slice User and Session Slice.
         Starting Create list of required stâ€¦ce nodes for the current kernel...
[[0;32m  OK  [0m] Listening on udev Control Socket.
[[0;32m  OK  [0m] Listening on Syslog Socket.
[[0;32m  OK  [0m] Listening on udev Kernel Socket.
         Starting udev Coldplug all Devices...
[[0;32m  OK  [0m] Listening on Journal Audit Socket.
         Starting Journal Service...
[[0;32m  OK  [0m] Reached target Slices.
         Starting Load Kernel Modules...
         Starting Uncomplicated firewall...
[[0;32m  OK  [0m] Listening on Network Service Netlink Socket.
[[0;32m  OK  [0m] Set up automount Arbitrary Executabâ€¦rmats File System Automount Point.
[    5.671768] Loading iSCSI transport class v2.0-870.
[    5.678464] iscsi: registered transport (tcp)
[[0;32m  OK  [0m] Reached target Swap.
[[0;32m  OK  [0m] Created slice system-serial\x2dgetty.slice.
[[0;32m  OK  [0m] Started Journal Service.
[[0;32m  OK  [0m] Started Create list of required staâ€¦vice nodes for the current kernel.
[[0;32m  OK  [0m] Started Uncomplicated firewall.
         Starting Create Static Device Nodes in /dev...
[[0;32m  OK  [0m] Started udev Col[    5.739122] iscsi: registered transport (iser)
dplug all Devices.
[[0;32m  OK  [0m] Started Load Kernel Modules.
         Mounting FUSE Control File System...
         Starting Apply Kernel Variables...
         Mounting Kernel Configuration File System...
[[0;32m  OK  [0m] Started Create Static Device Nodes in /dev.
[[0;32m  OK  [0m] Started Apply Kernel Variables.
[[0;32m  OK  [0m] Mounted Huge Pages File System.
[[0;32m  OK  [0m] Mounted Kernel Debug File System.
[[0;32m  OK  [0m] Started Remount Root and Kernel File Systems.
[[0;32m  OK  [0m] Mounted POSIX Message Queue File System.
[[0;32m  OK  [0m] Mounted FUSE Control File System.
[[0;32m  OK  [0m] Mounted Kernel Configuration File System.
[[0;32m  OK  [0m] Started LVM2 metadata daemon.
         Starting Load/Save Random Seed...
         Starting udev Kernel Device Manager...
         Starting Initial cloud-init job (pre-networking)...
         Starting Flush Journal to Persistent Storage...
[[0;32m  OK  [0m] Started Set the console keyboard layout.
[[0;32m  OK  [0m] Started Load/Save Random Seed.
[[0;32m  OK  [0m] Started udev Kernel Device Manager.
[[0;32m  OK  [0m] Started Dispatch Password Requests to Console Directory Watch.
[[0;32m  OK  [0m] Reached target Local Encrypted Volumes.
[[0;32m  OK  [0m] Started Monitoring of LVM2 mirrors,â€¦sing dmeventd or progress polling.
[[0;32m  OK  [0m] Reached target Local File Systems (Pre).
[[0;32m  OK  [0m] Reached target Local File Systems.
         Starting Commit a transient machine-id on disk...
         Starting Set console font and keymap...
         Starting ebtables ruleset management...
         Starting AppArmor initialization...
         Starting Tell Plymouth To Write Out Runtime Data...
[[0;32m  OK  [0m] Started Set console font and keymap.
[[0;32m  OK  [0m] Started Tell Plymouth To Write Out Runtime Data.
[[0;32m  OK  [0m] Started Flush Journal to Persistent Storage.
         Starting Create Volatile Files and Directories...
[[0;32m  OK  [0m] Started Commit a transient machine-id on disk.
[[0;32m  OK  [0m] Started Create Volatile Files and Directories.
         Starting Update UTMP about System Boot/Shutdown...
[[0;32m  OK  [0m] Started Update UTMP about System Boot/Shutdown.
[[0;32m  OK  [0m] Started ebtables ruleset management.
[[0;32m  OK  [0m] Found device /dev/ttyS0.
[[0;32m  OK  [0m] Listening on Load/Save RF Kill Switch Status /dev/rfkill Watch.
[[0;32m  OK  [0m] Started AppArmor initialization.
[    7.907700] cloud-init[429]: Cloud-init v. 18.5-45-g3554ffe8-0ubuntu1~18.04.1 running 'init-local' at Fri, 29 Mar 2019 11:04:27 +0000. Up 7.48 seconds.
[[0;32m  OK  [0m] Started Initial cloud-init job (pre-networking).
[[0;32m  OK  [0m] Reached target Network (Pre).
         Starting Network Service...
[[0;32m  OK  [0m] Started Network Service.
         Starting Network Name Resolution...
         Starting Wait for Network to be Configured...
[[0;32m  OK  [0m] Started Network Name Resolution.
[[0;32m  OK  [0m] Reached target Host and Network Name Lookups.
[[0;32m  OK  [0m] Reached target Network.
[[0;32m  OK  [0m] Started Wait for Network to be Configured.
         Starting Initial cloud-init job (metadata service crawler)...
[   10.512423] cloud-init[664]: Cloud-init v. 18.5-45-g3554ffe8-0ubuntu1~18.04.1 running 'init' at Fri, 29 Mar 2019 11:04:29 +0000. Up 10.35 seconds.
[   10.524330] cloud-init[664]: ci-info: ++++++++++++++++++++++++++++++++++++++Net device info+++++++++++++++++++++++++++++++++++++++
[   10.527866] cloud-init[664]: ci-info: +--------+-------+----------------------------+---------------+--------+-------------------+
[   10.531512] cloud-init[664]: ci-info: | Device |   Up  |          Address           |      Mask     | Scope  |     Hw-Address    |
[   10.535318] cloud-init[664]: ci-info: +--------+-------+----------------------------+---------------+--------+-------------------+
[   10.539007] cloud-init[664]: ci-info: | enp0s3 |  True |         10.0.2.15          | 255.255.255.0 | global | 02:36:5d:d2:e9:95 |
[   10.553022] cloud-init[664]: ci-info: | enp0s3 |  True | fe80::36:5dff:fed2:e995/64 |       .       |  link  | 02:36:5d:d2:e9:95 |
[   10.568477] cloud-init[664]: ci-info: | enp0s8 | False |             .              |       .       |   .    | 08:00:27:11:73:15 |
[   10.571732] cloud-init[664]: ci-info: |   lo   |  True |         127.0.0.1          |   255.0.0.0   |  host  |         .         |
[   10.585133] cloud-init[664]: ci-info: |   lo   |  True |          ::1/128           |       .       |  host  |         .         |
[   10.600298] cloud-init[664]: ci-info: +--------+-------+----------------------------+---------------+--------+-------------------+
[   10.604211] cloud-init[664]: ci-info: ++++++++++++++++++++++++++++Route IPv4 info+++++++++++++++++++++++++++++
[   10.607602] cloud-init[664]: ci-info: +-------+-------------+----------+-----------------+-----------+-------+
[   10.611395] cloud-init[664]: ci-info: | Route | Destination | Gateway  |     Genmask     | Interface | Flags |
[   10.624438] cloud-init[664]: ci-info: +-------+-------------+----------+-----------------+-----------+-------+
[   10.628728] cloud-init[664]: ci-info: |   0   |   0.0.0.0   | 10.0.2.2 |     0.0.0.0     |   enp0s3  |   UG  |
[   10.632562] cloud-init[664]: ci-info: |   1   |   10.0.2.0  | 0.0.0.0  |  255.255.255.0  |   enp0s3  |   U   |
[   10.637030] cloud-init[664]: ci-info: |   2   |   10.0.2.2  | 0.0.0.0  | 255.255.255.255 |   enp0s3  |   UH  |
[   10.652492] cloud-init[664]: ci-info: +-------+-------------+----------+-----------------+-----------+-------+
[   10.656237] cloud-init[664]: ci-info: +++++++++++++++++++Route IPv6 info+++++++++++++++++++
[   10.659662] cloud-init[664]: ci-info: +-------+-------------+---------+-----------+-------+
[   10.662395] cloud-init[664]: ci-info: | Route | Destination | Gateway | Interface | Flags |
[   10.666542] cloud-init[664]: ci-info: +-------+-------------+---------+-----------+-------+
[   10.668755] cloud-init[664]: ci-info: |   1   |  fe80::/64  |    ::   |   enp0s3  |   U   |
[   10.670814] cloud-init[664]: ci-info: |   3   |    local    |    ::   |   enp0s3  |   U   |
[   10.673438] cloud-init[664]: ci-info: |   4   |   ff00::/8  |    ::   |   enp0s3  |   U   |
[   10.684786] cloud-init[664]: ci-info: +-------+-------------+---------+-----------+-------+
[   11.688933] cloud-init[664]: Generating public/private rsa key pair.
[   11.690106] cloud-init[664]: Your identification has been saved in /etc/ssh/ssh_host_rsa_key.
[   11.700437] cloud-init[664]: Your public key has been saved in /etc/ssh/ssh_host_rsa_key.pub.
[   11.710402] cloud-init[664]: The key fingerprint is:
[   11.715845] cloud-init[664]: SHA256:E/JsTOdxRiDQ/P4PfwG7XO8hAwqlIZ+//8g4VT9Ins4 root@ubuntu-bionic
[   11.720849] cloud-init[664]: The key's randomart image is:
[   11.722722] cloud-init[664]: +---[RSA 2048]----+
[   11.726244] cloud-init[664]: |      .+. ...    |
[   11.727812] cloud-init[664]: |        o. .     |
[   11.733588] cloud-init[664]: |     ...ooo o    |
[   11.748551] cloud-init[664]: |      o*=+.+ +   |
[   11.755543] cloud-init[664]: |       =S...+ *  |
[   11.759916] cloud-init[664]: |       .o.o..= = |
[   11.764775] cloud-init[664]: |         o..=oo.+|
[   11.772419] cloud-init[664]: |         .+ oEo +|
[   11.779326] cloud-init[664]: |         oo+.ooo.|
[   11.784873] cloud-init[664]: +----[SHA256]-----+
[   11.790970] cloud-init[664]: Generating public/private dsa key pair.
[   11.796707] cloud-init[664]: Your identification has been saved in /etc/ssh/ssh_host_dsa_key.
[   11.808374] cloud-init[664]: Your public key has been saved in /etc/ssh/ssh_host_dsa_key.pub.
[   11.810577] cloud-init[664]: The key fingerprint is:
[   11.812537] cloud-init[664]: SHA256:eNHa7zJEghc/tYc2AaP4/KizAfuBghxxlQ/SD0IR77A root@ubuntu-bionic
[   11.814597] cloud-init[664]: The key's randomart image is:
[   11.815753] cloud-init[664]: +---[DSA 1024]----+
[   11.816881] cloud-init[664]: |  .++..   o.     |
[   11.828486] cloud-init[664]: |   oo= ..o .o    |
[   11.829378] cloud-init[664]: | . oo.*.oo.. +   |
[   11.830474] cloud-init[664]: |  o + .*o++ = .  |
[   11.840941] cloud-init[664]: | . E....So.o o   |
[   11.856695] cloud-init[664]: |...  + . o..     |
[   11.857933] cloud-init[664]: |... o o ... .    |
[   11.868538] cloud-init[664]: |   . ..+  o.     |
[   11.869774] cloud-init[664]: |      +o   o.    |
[   11.880521] cloud-init[664]: +----[SHA256]-----+
[   11.896491] cloud-init[664]: Generating public/private ecdsa key pair.
[   11.898588] cloud-init[664]: Your identification has been saved in /etc/ssh/ssh_host_ecdsa_key.
[   11.912432] cloud-init[664]: Your public key has been saved in /etc/ssh/ssh_host_ecdsa_key.pub.
[   11.915919] cloud-init[664]: The key fingerprint is:
[   11.918409] cloud-init[664]: SHA256:PL7nzylKUl5KDJEQHgXg1gygQMtbI1BrDq5RdMPHY4Y root@ubuntu-bionic
[[0;32m  OK  [0m[   11.936473] ] cloud-initStarted Initial cloud-init job (metadata service crawler).[664]: 
The key's randomart image is:
[   11.941507] cloud-init[664]: +---[ECDSA 256]---+
[   11.943414] cloud-init[664]: |=+=oBBo.         |
[   11.943675] cloud-init[664]: |=o.BEoB.         |
[   11.944015] cloud-init[664]: |o+*o++..         |
[   11.945197] cloud-init[664]: |.*+ .  +         |
[   11.945689] cloud-init[664]: |.o.     S .      |
[   11.945947] cloud-init[664]: |..     = +       |
[   11.946008] cloud-init[664]: |.     . =        |
[   11.946067] cloud-init[664]: |       o .o. .   |
[   11.946132] cloud-init[664]: |        o+.o+    |
[   11.946196] cloud-init[664]: +----[SHA256]-----+
[   11.946254] cloud-init[664]: Generating public/private ed25519 key pair.
[   11.946318] cloud-init[664]: Your identification has been saved in /etc/ssh/ssh_host_ed25519_key.
[   11.946394] cloud-init[664]: Your public key has been saved in /etc/ssh/ssh_host_ed25519_key.pub.
[   11.946475] cloud-init[664]: The key fingerprint is:
[   11.946535] cloud-init[664]: SHA256:Rf9BEKDHN3JZB52sTPLOSc0bMr/FAEtvAmiQhtkbBzk root@ubuntu-bionic
[   11.947337] cloud-init[664]: The key's randomart image is:
[[0;32m  OK  [0m] Reached target Cloud-config availability.
[[0;32m  OK  [0m] Reached target Network is Online.
[   11.947502] cloud-init[664]: +--[ED25519 256]--+
[[0;32m  OK  [0m] Reached target Remote File Systems (Pre).
[[0;32m  OK  [0m] Reached target Remote File Systems.
         Starting Availability of block devices...
[[0;32m  OK  [0m] Reached target System Initialization.
[[0;32m  OK  [0m] Started Daily apt download activities.
[[0;32m  OK  [0m] Listening on ACPID Listen Socket.
[[0;32m  OK  [0m] Listening on D-Bus System Message Bus Socket.
[[0;32m  OK  [0m] Started Daily apt upgrade and clean activities.
[[0;32m  OK  [0m] Started Daily Cleanup of Temporary Directories.
[[0;32m  OK  [0m] Started Discard unused blocks once a week.
[[0;32m  OK  [0m] Listening on UUID daemon activation socket.
[[0;32m  OK  [0m] Started Message of the Day.
[[0;32m  OK  [0m] Reached target Timers.
[   11.978032] cloud-init[664]: |     +o= .o.oo=oo|
[   12.061805] cloud-init[664]: |    o E ++.oo= +.|
         Starting LXD - unix socket.
[   12.078355] [cloud-init[0;32m  OK  [0m[664]: ] |     . *. =o@+=  |Listening on Open-iSCSI iscsid Socket.

[[   12.080977] cloud-init[664]: |      .  o +oX+= |
[   12.081076] cloud-init[664]: |        S   +o*oo|
[   12.082426] cloud-init[664]: |             + oo|
[   12.082662] cloud-init[664]: |                o|
[   12.084626] cloud-init[664]: |               . |
[0;32m  OK  [0m] Started ACPI Events Check.
[[0;32m  OK  [0m] Reached target Paths.
         Starting Socket activation for snappy daemon.
[[0;32m  OK  [0m] Started Availability of block devices.
[[0;32m  OK  [0m] Listening on LXD - unix socket.
[[0;32m  OK  [0m] Listening on Socket activation for snappy daemon.
[[0;32m  OK  [0m] Reached target Sockets.
[[0;32m  OK  [0m] Reached target Basic System.
[   12.086615] cloud-init[664]: |                 |
[[0;32m  OK  [0m] Started FUSE filesystem for LXC.
[   12.172822] cloud-init[664]: +----[SHA256]-----+
         Starting Snappy daemon...
         Starting Login Service...
         Starting Pollinate to seed the pseudo random number generator...
         Starting LSB: Record successful boot for GRUB...
[[0;32m  OK  [0m] Started Deferred execution scheduler.
[[0;32m  OK  [0m] Started irqbalance daemon.
         Starting Dispatcher daemon for systemd-networkd...
         Starting Accounts Service...
         Starting LSB: automatic crash report generation...
         Starting Permit User Sessions...
         Starting Virtualbox guest utils...
         Starting System Logging Service...
[[0;32m  OK  [0m] Started Regular background program processing daemon.
[[0;32m  OK  [0m] Started D-Bus System Message Bus.
[[0;32m  OK  [0m] Started Login Service.
[[0;32m  OK  [0m] Started Unattended Upgrades Shutdown.
         Starting LXD - container startup/shutdown...
[[0;32m  OK  [0m] Started System Logging Service.
[[0;32m  OK  [0m] Started Permit User Sessions.
         Starting Terminate Plymouth Boot Screen...
         Starting Hold until boot process finishes up...
[[0;32m  OK  [0m] Started Hold until boot process finishes up.
[[0;32m  OK  [0m] Started Serial Getty on ttyS0.
         Starting Set console scheme...
[[0;32m  OK  [0m] Started Terminate Plymouth Boot Screen.
[[0;32m  OK  [0m] Started Set console scheme.
[[0;32m  OK  [0m] Created slice system-getty.slice.
[[0;32m  OK  [0m] Started Getty on tty1.
[[0;32m  OK  [0m] Reached target Login Prompts.
         Starting Authorization Manager...
[[0;32m  OK  [0m] Started LSB: automatic crash report generation.
[[0;32m  OK  [0m] Started LSB: Record successful boot for GRUB.
[[0;32m  OK  [0m] Started Authorization Manager.
[[0;32m  OK  [0m] Started Accounts Service.
[[0;32m  OK  [0m] Started Virtualbox guest utils.
[[0;32m  OK  [0m] Started LXD - container startup/shutdown.
[[0;32m  OK  [0m] Started Dispatcher daemon for systemd-networkd.
[[0;32m  OK  [0m] Started Snappy daemon.
         Starting Wait until snapd is fully seeded...

Ubuntu 18.04.2 LTS ubuntu-bionic ttyS0

ubuntu-bionic login: [   20.603604] cloud-init[1094]: Cloud-init v. 18.5-45-g3554ffe8-0ubuntu1~18.04.1 running 'modules:config' at Fri, 29 Mar 2019 11:04:39 +0000. Up 19.75 seconds.
ci-info: no authorized ssh keys fingerprints found for user ubuntu.
<14>Mar 29 11:04:42 ec2: 
<14>Mar 29 11:04:42 ec2: #############################################################
<14>Mar 29 11:04:42 ec2: -----BEGIN SSH HOST KEY FINGERPRINTS-----
<14>Mar 29 11:04:42 ec2: 1024 SHA256:eNHa7zJEghc/tYc2AaP4/KizAfuBghxxlQ/SD0IR77A root@ubuntu-bionic (DSA)
<14>Mar 29 11:04:42 ec2: 256 SHA256:PL7nzylKUl5KDJEQHgXg1gygQMtbI1BrDq5RdMPHY4Y root@ubuntu-bionic (ECDSA)
<14>Mar 29 11:04:42 ec2: 256 SHA256:Rf9BEKDHN3JZB52sTPLOSc0bMr/FAEtvAmiQhtkbBzk root@ubuntu-bionic (ED25519)
<14>Mar 29 11:04:42 ec2: 2048 SHA256:E/JsTOdxRiDQ/P4PfwG7XO8hAwqlIZ+//8g4VT9Ins4 root@ubuntu-bionic (RSA)
<14>Mar 29 11:04:42 ec2: -----END SSH HOST KEY FINGERPRINTS-----
<14>Mar 29 11:04:42 ec2: #############################################################
-----BEGIN SSH HOST KEY KEYS-----
ecdsa-sha2-nistp256 AAAAE2VjZHNhLXNoYTItbmlzdHAyNTYAAAAIbmlzdHAyNTYAAABBBJ1ZmaItjhiL5Bcf9+RAWv8He8+khaP7rgpOMGiHxDPnOvZbz4YtIYo12LpEJG62TX+SxeLFHcuV3IzcmQKYIqY= root@ubuntu-bionic
ssh-ed25519 AAAAC3NzaC1lZDI1NTE5AAAAIDMuziu51Cg3HI5mx+wG7lcq7KrnHx51KguArUyl8vN8 root@ubuntu-bionic
ssh-rsa AAAAB3NzaC1yc2EAAAADAQABAAABAQC/p5oa3z1qY9ml4btuFSPALidw8rKSEV+e/ix5nUtAsH7z3F4AW8KAxo7e26/E14te6AGBjZxbZeFxNeX3gYsJHHbZPtMaXacb1/QVyfS6IZQ8x8MW6gp5Z5O98rAS5YNNBAVTLGBY7a3tsx7WTD+MmDZ82igc8Jwgqc37vKFOHFaI4y0QaDLw5Fr1J3ZtLOaHx/EYvoQBPuTwMRX4sv+vR9QHQq0dI4Skspi193oBJsM3ptajlI5cJNNhbWDDLYZtj2yLYF1nEp5GfJqAEHCnY+4ZPfx+/jTTGCc6xDb69ep4tPep1Sh28kTliP+q2iKkMI4nmHAz7igapehHJcrn root@ubuntu-bionic
-----END SSH HOST KEY KEYS-----
[   23.388275] cloud-init[1187]: Cloud-init v. 18.5-45-g3554ffe8-0ubuntu1~18.04.1 running 'modules:final' at Fri, 29 Mar 2019 11:04:42 +0000. Up 23.16 seconds.
[   23.388406] cloud-init[1187]: ci-info: no authorized ssh keys fingerprints found for user ubuntu.
[   23.388455] cloud-init[1187]: Cloud-init v. 18.5-45-g3554ffe8-0ubuntu1~18.04.1 finished at Fri, 29 Mar 2019 11:04:42 +0000. Datasource DataSourceNoCloud [seed=/dev/sdb][dsmode=net].  Up 23.36 seconds
[[0;32m  OK  [0m] Stopped target Cloud-init target.
         Stopping Session 7 of user vagrant.
         Stopping Availability of block devices...
         Stopping Authorization Manager...
[[0;32m  OK  [0m] Closed Load/Save RF Kill Switch Status /dev/rfkill Watch.
[[0;32m  OK  [0m] Stopped Execute cloud user/final scripts.
[[0;32m  OK  [0m] Stopped target Timers.
[[0;32m  OK  [0m] Stopped Discard unused blocks once a week.
[[0;32m  OK  [0m] Stopped Daily Cleanup of Temporary Directories.
[[0;32m  OK  [0m] Stopped Apply the settings specified in cloud-config.
[[0;32m  OK  [0m] Stopped target Network is Online.
[[0;32m  OK  [0m] Stopped Daily apt upgrade and clean activities.
[[0;32m  OK  [0m] Stopped Message of the Day.
[[0;32m  OK  [0m] Stopped Daily apt download activities.
[[0;32m  OK  [0m] Stopped target System Time Synchronized.
         Stopping User Manager for UID 1000...
[[0;32m  OK  [0m] Stopped target Graphical Interface.
[[0;32m  OK  [0m] Stopped target Multi-User System.
         Stopping Deferred execution scheduler...
         Stopping System Logging Service...
         Stopping Virtualbox guest utils...
         Stopping Regular background program processing daemon...
         Stopping OpenBSD Secure Shell server...
         Stopping D-Bus System Message Bus...
[[0;32m  OK  [0m] Stopped Wait until snapd is fully seeded.
         Stopping FUSE filesystem for LXC...
         Stopping Dispatcher daemon for systemd-networkd...
         Stopping Unattended Upgrades Shutdown...
[[0;32m  OK  [0m] Stopped target Login Prompts.
         Stopping Getty on tty1...
         Stopping Serial Getty on ttyS0...
         Stopping Accounts Service...
         Stopping LSB: automatic crash report generation...
         Stopping LSB: Record successful boot for GRUB...
[[0;32m  OK  [0m] Stopped target Cloud-config availability.
[[0;32m  OK  [0m] Stopped target Host and Network Name Lookups.
         Stopping LXD - container startup/shutdown...
         Stopping irqbalance daemon...
[[0;32m  OK  [0m] Unmounted /var/lib/lxcfs.
[[0;32m  OK  [0m] Stopped Deferred execution scheduler.
[[0;32m  OK  [0m] Stopped irqbalance daemon.
[[0;32m  OK  [0m] Stopped Dispatcher daemon for systemd-networkd.
[[0;32m  OK  [0m] Stopped Accounts Service.
[[0;32m  OK  [0m] Stopped System Logging Service.
[[0;32m  OK  [0m] Stopped Regular background program processing daemon.
[[0;32m  OK  [0m] Stopped Serial Getty on ttyS0.
[[0;32m  OK  [0m] Stopped Getty on tty1.
[[0;32m  OK  [0m] Stopped Unattended Upgrades Shutdown.
[[0;32m  OK  [0m] Stopped Authorization Manager.
[[0;32m  OK  [0m] Stopped OpenBSD Secure Shell server.
[[0;32m  OK  [0m] Stopped User Manager for UID 1000.
[[0;32m  OK  [0m] Stopped Availability of block devices.
[[0;32m  OK  [0m] Stopped D-Bus System Message Bus.
[[0;32m  OK  [0m] Stopped FUSE filesystem for LXC.
[[0;32m  OK  [0m] Stopped Session 7 of user vagrant.
[[0;32m  OK  [0m] Removed slice User Slice of vagrant.
         Stopping Login Service...
[[0;32m  OK  [0m] Removed slice system-getty.slice.
         Stopping Permit User Sessions...
[[0;32m  OK  [0m] Removed slice system-serial\x2dgetty.slice.
[[0;32m  OK  [0m] Stopped LXD - container startup/shutdown.
[[0;32m  OK  [0m] Stopped Permit User Sessions.
[[0;32m  OK  [0m] Stopped LSB: automatic crash report generation.
[[0;32m  OK  [0m] Stopped LSB: Record successful boot for GRUB.
[[0;32m  OK  [0m] Stopped target Remote File Systems.
[[0;32m  OK  [0m] Stopped target Remote File Systems (Pre).
[[0;32m  OK  [0m] Stopped target Network.
         Stopping Network Name Resolution...
[[0;32m  OK  [0m] Stopped Network Name Resolution.
[[0;32m  OK  [0m] Stopped Login Service.
[[0;32m  OK  [0m] Stopped Virtualbox guest utils.
[[0;32m  OK  [0m] Stopped target Basic System.
[[0;32m  OK  [0m] Stopped target Sockets.
[[0;32m  OK  [0m] Closed Socket activation for snappy daemon.
[[0;32m  OK  [0m] Closed Open-iSCSI iscsid Socket.
[[0;32m  OK  [0m] Closed ACPID Listen Socket.
[[0;32m  OK  [0m] Closed D-Bus System Message Bus Socket.
[[0;32m  OK  [0m] Closed UUID daemon activation socket.
[[0;32m  OK  [0m] Closed Syslog Socket.
[[0;32m  OK  [0m] Closed LXD - unix socket.
[[0;32m  OK  [0m] Stopped target Paths.
[[0;32m  OK  [0m] Stopped ACPI Events Check.
[[0;32m  OK  [0m] Stopped target System Initialization.
[[0;32m  OK  [0m] Stopped target Local Encrypted Volumes.
[[0;32m  OK  [0m] Stopped Forward Password Requests to Wall Directory Watch.
[[0;32m  OK  [0m] Stopped Dispatch Password Requests to Console Directory Watch.
         Stopping Load/Save Random Seed...
[[0;32m  OK  [0m] Stopped Commit a transient machine-id on disk.
         Stopping Update UTMP about System Boot/Shutdown...
[[0;32m  OK  [0m] Stopped Initial cloud-init job (metadata service crawler).
[[0;32m  OK  [0m] Stopped target Slices.
[[0;32m  OK  [0m] Removed slice User and Session Slice.
[[0;32m  OK  [0m] Stopped target User and Group Name Lookups.
         Stopping Network Service...
[[0;32m  OK  [0m] Stopped Load/Save Random Seed.
[[0;32m  OK  [0m] Stopped Update UTMP about System Boot/Shutdown.
[[0;32m  OK  [0m] Stopped Create Volatile Files and Directories.
[[0;32m  OK  [0m] Stopped target Local File Systems.
         Unmounting /run/user/1000...
         Unmounting /vagrant...
[[0;32m  OK  [0m] Unmounted /run/user/1000.
[[0;32m  OK  [0m] Stopped target Swap.
[[0;32m  OK  [0m] Unmounted /vagrant.
[[0;32m  OK  [0m] Stopped Network Service.
[[0;32m  OK  [0m] Stopped Apply Kernel Variables.
[[0;32m  OK  [0m] Stopped Load Kernel Modules.
[[0;32m  OK  [0m] Stopped target Network (Pre).
[[0;32m  OK  [0m] Stopped Initial cloud-init job (pre-networking).
[[0;32m  OK  [0m] Reached target Unmount All Filesystems.
[[0;32m  OK  [0m] Stopped target Local File Systems (Pre).
[[0;32m  OK  [0m] Stopped Create Static Device Nodes in /dev.
[[0;32m  OK  [0m] Stopped Remount Root and Kernel File Systems.
[[0;32m  OK  [0m] Reached target Shutdown.
[[0;32m  OK  [0m] Reached target Final Step.
         Starting Power-Off...
         Stopping Monitoring of LVM2 mirrorsâ€¦ng dmeventd or progress polling...
[ 2784.274020] reboot: Power down
